Archive member included to satisfy reference by file (symbol)

c:/program files (x86)/atmel/studio/7.0/toolchain/avr8/avr8-gnu-toolchain/bin/../lib/gcc/avr/5.4.0/avr5\libgcc.a(_udivmodhi4.o)
                              FREERTOS/queue.o (__udivmodhi4)
c:/program files (x86)/atmel/studio/7.0/toolchain/avr8/avr8-gnu-toolchain/bin/../lib/gcc/avr/5.4.0/avr5\libgcc.a(_exit.o)
                              C:/Program Files (x86)/Atmel/Studio/7.0/Packs/atmel/ATmega_DFP/1.7.374/gcc/dev/atmega32/avr5/crtatmega32.o (exit)
c:/program files (x86)/atmel/studio/7.0/toolchain/avr8/avr8-gnu-toolchain/bin/../lib/gcc/avr/5.4.0/avr5\libgcc.a(_tablejump2.o)
                              senven_segment.o (__tablejump2__)
c:/program files (x86)/atmel/studio/7.0/toolchain/avr8/avr8-gnu-toolchain/bin/../lib/gcc/avr/5.4.0/avr5\libgcc.a(_copy_data.o)
                              FREERTOS/regtest.o (__do_copy_data)
c:/program files (x86)/atmel/studio/7.0/toolchain/avr8/avr8-gnu-toolchain/bin/../lib/gcc/avr/5.4.0/avr5\libgcc.a(_clear_bss.o)
                              FREERTOS/croutine.o (__do_clear_bss)
c:/program files (x86)/atmel/studio/7.0/toolchain/avr8/avr8-gnu-toolchain/bin/../lib/gcc/avr/5.4.0/../../../../avr/lib/avr5\libc.a(memcpy.o)
                              FREERTOS/queue.o (memcpy)

Discarded input sections

 .data          0x00000000        0x0 C:/Program Files (x86)/Atmel/Studio/7.0/Packs/atmel/ATmega_DFP/1.7.374/gcc/dev/atmega32/avr5/crtatmega32.o
 .bss           0x00000000        0x0 C:/Program Files (x86)/Atmel/Studio/7.0/Packs/atmel/ATmega_DFP/1.7.374/gcc/dev/atmega32/avr5/crtatmega32.o
 .text          0x00000000        0x0 DIO_program.o
 .data          0x00000000        0x0 DIO_program.o
 .bss           0x00000000        0x0 DIO_program.o
 .text.DIO_voidInit
                0x00000000       0x1c DIO_program.o
 .text.DIO_voidGetPinValue
                0x00000000       0x68 DIO_program.o
 .text.DIO_voidTogglePinValue
                0x00000000       0x68 DIO_program.o
 .text.DIO_voidActivePinInPullUpResistance
                0x00000000       0x68 DIO_program.o
 .text.DIO_voidSetPortDirection
                0x00000000       0x54 DIO_program.o
 .text.DIO_voidSetPortValue
                0x00000000       0x24 DIO_program.o
 .text.DIO_voidGetPortValue
                0x00000000       0x3a DIO_program.o
 .text.DIO_voidTogglePortValue
                0x00000000       0x34 DIO_program.o
 .text.DIO_voidActivePortInPullUpResistance
                0x00000000       0x2c DIO_program.o
 .text          0x00000000        0x0 FREERTOS/croutine.o
 .data          0x00000000        0x0 FREERTOS/croutine.o
 .bss           0x00000000        0x0 FREERTOS/croutine.o
 .text.prvInitialiseCoRoutineLists
                0x00000000       0x5e FREERTOS/croutine.o
 .text.prvCheckPendingReadyList
                0x00000000       0x6c FREERTOS/croutine.o
 .text.prvCheckDelayedList
                0x00000000      0x106 FREERTOS/croutine.o
 .text.xCoRoutineCreate
                0x00000000       0xba FREERTOS/croutine.o
 .text.vCoRoutineAddToDelayedList
                0x00000000       0x86 FREERTOS/croutine.o
 .text.vCoRoutineSchedule
                0x00000000       0xbe FREERTOS/croutine.o
 .text.xCoRoutineRemoveFromEventList
                0x00000000       0x4c FREERTOS/croutine.o
 .bss.xPassedTicks
                0x00000000        0x2 FREERTOS/croutine.o
 .bss.xLastTickCount
                0x00000000        0x2 FREERTOS/croutine.o
 .bss.xCoRoutineTickCount
                0x00000000        0x2 FREERTOS/croutine.o
 .bss.uxTopCoRoutineReadyPriority
                0x00000000        0x1 FREERTOS/croutine.o
 .bss.pxCurrentCoRoutine
                0x00000000        0x2 FREERTOS/croutine.o
 .bss.xPendingReadyCoRoutineList
                0x00000000        0x9 FREERTOS/croutine.o
 .bss.pxOverflowDelayedCoRoutineList
                0x00000000        0x2 FREERTOS/croutine.o
 .bss.pxDelayedCoRoutineList
                0x00000000        0x2 FREERTOS/croutine.o
 .bss.xDelayedCoRoutineList2
                0x00000000        0x9 FREERTOS/croutine.o
 .bss.xDelayedCoRoutineList1
                0x00000000        0x9 FREERTOS/croutine.o
 .bss.pxReadyCoRoutineLists
                0x00000000       0x12 FREERTOS/croutine.o
 .debug_info    0x00000000      0x72d FREERTOS/croutine.o
 .debug_abbrev  0x00000000      0x205 FREERTOS/croutine.o
 .debug_loc     0x00000000      0x3f0 FREERTOS/croutine.o
 .debug_aranges
                0x00000000       0x50 FREERTOS/croutine.o
 .debug_ranges  0x00000000       0x40 FREERTOS/croutine.o
 .debug_line    0x00000000      0x3b2 FREERTOS/croutine.o
 .debug_str     0x00000000      0x52b FREERTOS/croutine.o
 .comment       0x00000000       0x31 FREERTOS/croutine.o
 .debug_frame   0x00000000      0x100 FREERTOS/croutine.o
 .text          0x00000000        0x0 FREERTOS/event_groups.o
 .data          0x00000000        0x0 FREERTOS/event_groups.o
 .bss           0x00000000        0x0 FREERTOS/event_groups.o
 .text.prvTestWaitCondition
                0x00000000       0x26 FREERTOS/event_groups.o
 .text.xEventGroupCreate
                0x00000000       0x26 FREERTOS/event_groups.o
 .text.xEventGroupWaitBits
                0x00000000       0xe4 FREERTOS/event_groups.o
 .text.xEventGroupClearBits
                0x00000000       0x1e FREERTOS/event_groups.o
 .text.xEventGroupGetBitsFromISR
                0x00000000        0x8 FREERTOS/event_groups.o
 .text.xEventGroupSetBits
                0x00000000       0xc8 FREERTOS/event_groups.o
 .text.xEventGroupSync
                0x00000000       0xd6 FREERTOS/event_groups.o
 .text.vEventGroupDelete
                0x00000000       0x2e FREERTOS/event_groups.o
 .text.vEventGroupSetBitsCallback
                0x00000000        0x8 FREERTOS/event_groups.o
 .text.vEventGroupClearBitsCallback
                0x00000000        0x8 FREERTOS/event_groups.o
 .debug_info    0x00000000      0x8df FREERTOS/event_groups.o
 .debug_abbrev  0x00000000      0x1dc FREERTOS/event_groups.o
 .debug_loc     0x00000000      0xb41 FREERTOS/event_groups.o
 .debug_aranges
                0x00000000       0x68 FREERTOS/event_groups.o
 .debug_ranges  0x00000000       0x70 FREERTOS/event_groups.o
 .debug_line    0x00000000      0x403 FREERTOS/event_groups.o
 .debug_str     0x00000000      0x575 FREERTOS/event_groups.o
 .comment       0x00000000       0x31 FREERTOS/event_groups.o
 .debug_frame   0x00000000      0x15c FREERTOS/event_groups.o
 .text          0x00000000        0x0 FREERTOS/heap_1.o
 .data          0x00000000        0x0 FREERTOS/heap_1.o
 .bss           0x00000000        0x0 FREERTOS/heap_1.o
 .text.vPortInitialiseBlocks
                0x00000000        0xa FREERTOS/heap_1.o
 .text.xPortGetFreeHeapSize
                0x00000000       0x12 FREERTOS/heap_1.o
 .text          0x00000000        0x0 FREERTOS/list.o
 .data          0x00000000        0x0 FREERTOS/list.o
 .bss           0x00000000        0x0 FREERTOS/list.o
 .text.vListInsertEnd
                0x00000000       0x42 FREERTOS/list.o
 .text          0x00000000        0x0 FREERTOS/port.o
 .data          0x00000000        0x0 FREERTOS/port.o
 .bss           0x00000000        0x0 FREERTOS/port.o
 .text.vPortEndScheduler
                0x00000000        0x2 FREERTOS/port.o
 .text          0x00000000        0x0 FREERTOS/queue.o
 .data          0x00000000        0x0 FREERTOS/queue.o
 .bss           0x00000000        0x0 FREERTOS/queue.o
 .text.prvCopyDataFromQueue
                0x00000000       0x34 FREERTOS/queue.o
 .text.xQueueCreateCountingSemaphore
                0x00000000       0x2c FREERTOS/queue.o
 .text.prvInitialiseMutex
                0x00000000       0x20 FREERTOS/queue.o
 .text.xQueueCreateMutex
                0x00000000       0x1c FREERTOS/queue.o
 .text.xQueueGenericSendFromISR
                0x00000000       0x78 FREERTOS/queue.o
 .text.xQueueGiveFromISR
                0x00000000       0x52 FREERTOS/queue.o
 .text.xQueueReceive
                0x00000000      0x11e FREERTOS/queue.o
 .text.xQueuePeek
                0x00000000      0x122 FREERTOS/queue.o
 .text.xQueueReceiveFromISR
                0x00000000       0x6e FREERTOS/queue.o
 .text.xQueuePeekFromISR
                0x00000000       0x2e FREERTOS/queue.o
 .text.uxQueueMessagesWaiting
                0x00000000       0x10 FREERTOS/queue.o
 .text.uxQueueSpacesAvailable
                0x00000000       0x16 FREERTOS/queue.o
 .text.uxQueueMessagesWaitingFromISR
                0x00000000        0x6 FREERTOS/queue.o
 .text.vQueueDelete
                0x00000000        0x6 FREERTOS/queue.o
 .text.xQueueIsQueueEmptyFromISR
                0x00000000       0x10 FREERTOS/queue.o
 .text.xQueueIsQueueFullFromISR
                0x00000000       0x12 FREERTOS/queue.o
 .text.xQueueCRSend
                0x00000000       0x80 FREERTOS/queue.o
 .text.xQueueCRReceive
                0x00000000       0x92 FREERTOS/queue.o
 .text.xQueueCRSendFromISR
                0x00000000       0x4c FREERTOS/queue.o
 .text.xQueueCRReceiveFromISR
                0x00000000       0x82 FREERTOS/queue.o
 .text          0x00000000        0x0 FREERTOS/regtest.o
 .data          0x00000000        0x0 FREERTOS/regtest.o
 .bss           0x00000000        0x0 FREERTOS/regtest.o
 .text.prvRegisterCheck1
                0x00000000      0x144 FREERTOS/regtest.o
 .text.prvRegisterCheck2
                0x00000000      0x144 FREERTOS/regtest.o
 .rodata.str1.1
                0x00000000        0xa FREERTOS/regtest.o
 .text.vStartRegTestTasks
                0x00000000       0x3c FREERTOS/regtest.o
 .text.xAreRegTestTasksStillRunning
                0x00000000       0x10 FREERTOS/regtest.o
 .bss.xRegTestError
                0x00000000        0x1 FREERTOS/regtest.o
 .debug_info    0x00000000      0x1e7 FREERTOS/regtest.o
 .debug_abbrev  0x00000000       0xf6 FREERTOS/regtest.o
 .debug_loc     0x00000000       0x3c FREERTOS/regtest.o
 .debug_aranges
                0x00000000       0x38 FREERTOS/regtest.o
 .debug_ranges  0x00000000       0x28 FREERTOS/regtest.o
 .debug_line    0x00000000      0xb08 FREERTOS/regtest.o
 .debug_str     0x00000000      0x1fa FREERTOS/regtest.o
 .comment       0x00000000       0x31 FREERTOS/regtest.o
 .debug_frame   0x00000000       0x64 FREERTOS/regtest.o
 .text          0x00000000        0x0 FREERTOS/stream_buffer.o
 .data          0x00000000        0x0 FREERTOS/stream_buffer.o
 .bss           0x00000000        0x0 FREERTOS/stream_buffer.o
 .text.prvBytesInBuffer
                0x00000000       0x26 FREERTOS/stream_buffer.o
 .text.prvInitialiseNewStreamBuffer
                0x00000000       0x20 FREERTOS/stream_buffer.o
 .text.prvWriteBytesToBuffer
                0x00000000       0x88 FREERTOS/stream_buffer.o
 .text.prvWriteMessageToBuffer
                0x00000000       0x90 FREERTOS/stream_buffer.o
 .text.prvReadBytesFromBuffer
                0x00000000       0x88 FREERTOS/stream_buffer.o
 .text.prvReadMessageFromBuffer
                0x00000000       0x90 FREERTOS/stream_buffer.o
 .text.xStreamBufferGenericCreate
                0x00000000       0x68 FREERTOS/stream_buffer.o
 .text.vStreamBufferDelete
                0x00000000       0x1a FREERTOS/stream_buffer.o
 .text.xStreamBufferReset
                0x00000000       0x3e FREERTOS/stream_buffer.o
 .text.xStreamBufferSetTriggerLevel
                0x00000000       0x22 FREERTOS/stream_buffer.o
 .text.xStreamBufferSpacesAvailable
                0x00000000       0x34 FREERTOS/stream_buffer.o
 .text.xStreamBufferBytesAvailable
                0x00000000        0x6 FREERTOS/stream_buffer.o
 .text.xStreamBufferSend
                0x00000000      0x174 FREERTOS/stream_buffer.o
 .text.xStreamBufferSendFromISR
                0x00000000       0x8e FREERTOS/stream_buffer.o
 .text.xStreamBufferReceive
                0x00000000      0x102 FREERTOS/stream_buffer.o
 .text.xStreamBufferNextMessageLengthBytes
                0x00000000       0x54 FREERTOS/stream_buffer.o
 .text.xStreamBufferReceiveFromISR
                0x00000000       0x8a FREERTOS/stream_buffer.o
 .text.xStreamBufferIsEmpty
                0x00000000       0x18 FREERTOS/stream_buffer.o
 .text.xStreamBufferIsFull
                0x00000000       0x2c FREERTOS/stream_buffer.o
 .text.xStreamBufferSendCompletedFromISR
                0x00000000       0x4c FREERTOS/stream_buffer.o
 .text.xStreamBufferReceiveCompletedFromISR
                0x00000000       0x4c FREERTOS/stream_buffer.o
 .debug_info    0x00000000     0x12b9 FREERTOS/stream_buffer.o
 .debug_abbrev  0x00000000      0x22a FREERTOS/stream_buffer.o
 .debug_loc     0x00000000     0x1bac FREERTOS/stream_buffer.o
 .debug_aranges
                0x00000000       0xc0 FREERTOS/stream_buffer.o
 .debug_ranges  0x00000000       0xb0 FREERTOS/stream_buffer.o
 .debug_line    0x00000000      0x770 FREERTOS/stream_buffer.o
 .debug_str     0x00000000      0x796 FREERTOS/stream_buffer.o
 .comment       0x00000000       0x31 FREERTOS/stream_buffer.o
 .debug_frame   0x00000000      0x3e8 FREERTOS/stream_buffer.o
 .text          0x00000000        0x0 FREERTOS/tasks.o
 .data          0x00000000        0x0 FREERTOS/tasks.o
 .bss           0x00000000        0x0 FREERTOS/tasks.o
 .text.prvTaskIsTaskSuspended
                0x00000000       0x2e FREERTOS/tasks.o
 .text.vTaskDelete
                0x00000000       0xb0 FREERTOS/tasks.o
 .text.vTaskResume
                0x00000000       0xcc FREERTOS/tasks.o
 .text.xTaskResumeFromISR
                0x00000000       0xda FREERTOS/tasks.o
 .text.vTaskEndScheduler
                0x00000000        0xc FREERTOS/tasks.o
 .text.xTaskGetTickCount
                0x00000000       0x14 FREERTOS/tasks.o
 .text.xTaskGetTickCountFromISR
                0x00000000        0xa FREERTOS/tasks.o
 .text.uxTaskGetNumberOfTasks
                0x00000000        0x6 FREERTOS/tasks.o
 .text.pcTaskGetName
                0x00000000       0x10 FREERTOS/tasks.o
 .text.xTaskDelayUntil
                0x00000000       0x84 FREERTOS/tasks.o
 .text.xTaskCatchUpTicks
                0x00000000       0x28 FREERTOS/tasks.o
 .text.vTaskSuspend
                0x00000000       0xc2 FREERTOS/tasks.o
 .text.vTaskPlaceOnUnorderedEventList
                0x00000000       0x8c FREERTOS/tasks.o
 .text.vTaskRemoveFromUnorderedEventList
                0x00000000      0x14c FREERTOS/tasks.o
 .text.vTaskSetTimeOutState
                0x00000000       0x20 FREERTOS/tasks.o
 .text.xTaskGetCurrentTaskHandle
                0x00000000        0xa FREERTOS/tasks.o
 .text.uxTaskResetEventItemValue
                0x00000000       0x2e FREERTOS/tasks.o
 .text.ulTaskGenericNotifyTake
                0x00000000      0x106 FREERTOS/tasks.o
 .text.xTaskGenericNotifyWait
                0x00000000      0x142 FREERTOS/tasks.o
 .text.xTaskGenericNotify
                0x00000000      0x20a FREERTOS/tasks.o
 .text.xTaskGenericNotifyFromISR
                0x00000000      0x260 FREERTOS/tasks.o
 .text.vTaskGenericNotifyGiveFromISR
                0x00000000      0x194 FREERTOS/tasks.o
 .text.xTaskGenericNotifyStateClear
                0x00000000       0x34 FREERTOS/tasks.o
 .text.ulTaskGenericNotifyValueClear
                0x00000000       0x6c FREERTOS/tasks.o
 .text          0x00000000        0x0 FREERTOS/timers.o
 .data          0x00000000        0x0 FREERTOS/timers.o
 .bss           0x00000000        0x0 FREERTOS/timers.o
 .debug_info    0x00000000       0x64 FREERTOS/timers.o
 .debug_abbrev  0x00000000       0x26 FREERTOS/timers.o
 .debug_aranges
                0x00000000       0x18 FREERTOS/timers.o
 .debug_line    0x00000000       0x1a FREERTOS/timers.o
 .debug_str     0x00000000      0x15f FREERTOS/timers.o
 .comment       0x00000000       0x31 FREERTOS/timers.o
 .text          0x00000000        0x0 GI_program.o
 .data          0x00000000        0x0 GI_program.o
 .bss           0x00000000        0x0 GI_program.o
 .text.GI_voidEnable
                0x00000000        0x8 GI_program.o
 .text.GI_voidDisable
                0x00000000        0x8 GI_program.o
 .debug_info    0x00000000       0x98 GI_program.o
 .debug_abbrev  0x00000000       0x46 GI_program.o
 .debug_aranges
                0x00000000       0x28 GI_program.o
 .debug_ranges  0x00000000       0x18 GI_program.o
 .debug_line    0x00000000       0x6a GI_program.o
 .debug_str     0x00000000      0x163 GI_program.o
 .comment       0x00000000       0x31 GI_program.o
 .debug_frame   0x00000000       0x34 GI_program.o
 .text          0x00000000        0x0 main.o
 .data          0x00000000        0x0 main.o
 .bss           0x00000000        0x0 main.o
 .bss.Reverse_flag
                0x00000000        0x1 main.o
 .text          0x00000000        0x0 senven_segment.o
 .data          0x00000000        0x0 senven_segment.o
 .bss           0x00000000        0x0 senven_segment.o
 .text.set_int0
                0x00000000       0x18 senven_segment.o
 .text.set_int1
                0x00000000       0x18 senven_segment.o
 .text          0x00000000        0x0 c:/program files (x86)/atmel/studio/7.0/toolchain/avr8/avr8-gnu-toolchain/bin/../lib/gcc/avr/5.4.0/avr5\libgcc.a(_udivmodhi4.o)
 .data          0x00000000        0x0 c:/program files (x86)/atmel/studio/7.0/toolchain/avr8/avr8-gnu-toolchain/bin/../lib/gcc/avr/5.4.0/avr5\libgcc.a(_udivmodhi4.o)
 .bss           0x00000000        0x0 c:/program files (x86)/atmel/studio/7.0/toolchain/avr8/avr8-gnu-toolchain/bin/../lib/gcc/avr/5.4.0/avr5\libgcc.a(_udivmodhi4.o)
 .text.libgcc.mul
                0x00000000        0x0 c:/program files (x86)/atmel/studio/7.0/toolchain/avr8/avr8-gnu-toolchain/bin/../lib/gcc/avr/5.4.0/avr5\libgcc.a(_udivmodhi4.o)
 .text.libgcc   0x00000000        0x0 c:/program files (x86)/atmel/studio/7.0/toolchain/avr8/avr8-gnu-toolchain/bin/../lib/gcc/avr/5.4.0/avr5\libgcc.a(_udivmodhi4.o)
 .text.libgcc.prologue
                0x00000000        0x0 c:/program files (x86)/atmel/studio/7.0/toolchain/avr8/avr8-gnu-toolchain/bin/../lib/gcc/avr/5.4.0/avr5\libgcc.a(_udivmodhi4.o)
 .text.libgcc.builtins
                0x00000000        0x0 c:/program files (x86)/atmel/studio/7.0/toolchain/avr8/avr8-gnu-toolchain/bin/../lib/gcc/avr/5.4.0/avr5\libgcc.a(_udivmodhi4.o)
 .text.libgcc.fmul
                0x00000000        0x0 c:/program files (x86)/atmel/studio/7.0/toolchain/avr8/avr8-gnu-toolchain/bin/../lib/gcc/avr/5.4.0/avr5\libgcc.a(_udivmodhi4.o)
 .text.libgcc.fixed
                0x00000000        0x0 c:/program files (x86)/atmel/studio/7.0/toolchain/avr8/avr8-gnu-toolchain/bin/../lib/gcc/avr/5.4.0/avr5\libgcc.a(_udivmodhi4.o)
 .text          0x00000000        0x0 c:/program files (x86)/atmel/studio/7.0/toolchain/avr8/avr8-gnu-toolchain/bin/../lib/gcc/avr/5.4.0/avr5\libgcc.a(_exit.o)
 .data          0x00000000        0x0 c:/program files (x86)/atmel/studio/7.0/toolchain/avr8/avr8-gnu-toolchain/bin/../lib/gcc/avr/5.4.0/avr5\libgcc.a(_exit.o)
 .bss           0x00000000        0x0 c:/program files (x86)/atmel/studio/7.0/toolchain/avr8/avr8-gnu-toolchain/bin/../lib/gcc/avr/5.4.0/avr5\libgcc.a(_exit.o)
 .text.libgcc.mul
                0x00000000        0x0 c:/program files (x86)/atmel/studio/7.0/toolchain/avr8/avr8-gnu-toolchain/bin/../lib/gcc/avr/5.4.0/avr5\libgcc.a(_exit.o)
 .text.libgcc.div
                0x00000000        0x0 c:/program files (x86)/atmel/studio/7.0/toolchain/avr8/avr8-gnu-toolchain/bin/../lib/gcc/avr/5.4.0/avr5\libgcc.a(_exit.o)
 .text.libgcc   0x00000000        0x0 c:/program files (x86)/atmel/studio/7.0/toolchain/avr8/avr8-gnu-toolchain/bin/../lib/gcc/avr/5.4.0/avr5\libgcc.a(_exit.o)
 .text.libgcc.prologue
                0x00000000        0x0 c:/program files (x86)/atmel/studio/7.0/toolchain/avr8/avr8-gnu-toolchain/bin/../lib/gcc/avr/5.4.0/avr5\libgcc.a(_exit.o)
 .text.libgcc.builtins
                0x00000000        0x0 c:/program files (x86)/atmel/studio/7.0/toolchain/avr8/avr8-gnu-toolchain/bin/../lib/gcc/avr/5.4.0/avr5\libgcc.a(_exit.o)
 .text.libgcc.fmul
                0x00000000        0x0 c:/program files (x86)/atmel/studio/7.0/toolchain/avr8/avr8-gnu-toolchain/bin/../lib/gcc/avr/5.4.0/avr5\libgcc.a(_exit.o)
 .text.libgcc.fixed
                0x00000000        0x0 c:/program files (x86)/atmel/studio/7.0/toolchain/avr8/avr8-gnu-toolchain/bin/../lib/gcc/avr/5.4.0/avr5\libgcc.a(_exit.o)
 .text          0x00000000        0x0 c:/program files (x86)/atmel/studio/7.0/toolchain/avr8/avr8-gnu-toolchain/bin/../lib/gcc/avr/5.4.0/avr5\libgcc.a(_tablejump2.o)
 .data          0x00000000        0x0 c:/program files (x86)/atmel/studio/7.0/toolchain/avr8/avr8-gnu-toolchain/bin/../lib/gcc/avr/5.4.0/avr5\libgcc.a(_tablejump2.o)
 .bss           0x00000000        0x0 c:/program files (x86)/atmel/studio/7.0/toolchain/avr8/avr8-gnu-toolchain/bin/../lib/gcc/avr/5.4.0/avr5\libgcc.a(_tablejump2.o)
 .text.libgcc.mul
                0x00000000        0x0 c:/program files (x86)/atmel/studio/7.0/toolchain/avr8/avr8-gnu-toolchain/bin/../lib/gcc/avr/5.4.0/avr5\libgcc.a(_tablejump2.o)
 .text.libgcc.div
                0x00000000        0x0 c:/program files (x86)/atmel/studio/7.0/toolchain/avr8/avr8-gnu-toolchain/bin/../lib/gcc/avr/5.4.0/avr5\libgcc.a(_tablejump2.o)
 .text.libgcc.prologue
                0x00000000        0x0 c:/program files (x86)/atmel/studio/7.0/toolchain/avr8/avr8-gnu-toolchain/bin/../lib/gcc/avr/5.4.0/avr5\libgcc.a(_tablejump2.o)
 .text.libgcc.builtins
                0x00000000        0x0 c:/program files (x86)/atmel/studio/7.0/toolchain/avr8/avr8-gnu-toolchain/bin/../lib/gcc/avr/5.4.0/avr5\libgcc.a(_tablejump2.o)
 .text.libgcc.fmul
                0x00000000        0x0 c:/program files (x86)/atmel/studio/7.0/toolchain/avr8/avr8-gnu-toolchain/bin/../lib/gcc/avr/5.4.0/avr5\libgcc.a(_tablejump2.o)
 .text.libgcc.fixed
                0x00000000        0x0 c:/program files (x86)/atmel/studio/7.0/toolchain/avr8/avr8-gnu-toolchain/bin/../lib/gcc/avr/5.4.0/avr5\libgcc.a(_tablejump2.o)
 .text          0x00000000        0x0 c:/program files (x86)/atmel/studio/7.0/toolchain/avr8/avr8-gnu-toolchain/bin/../lib/gcc/avr/5.4.0/avr5\libgcc.a(_copy_data.o)
 .data          0x00000000        0x0 c:/program files (x86)/atmel/studio/7.0/toolchain/avr8/avr8-gnu-toolchain/bin/../lib/gcc/avr/5.4.0/avr5\libgcc.a(_copy_data.o)
 .bss           0x00000000        0x0 c:/program files (x86)/atmel/studio/7.0/toolchain/avr8/avr8-gnu-toolchain/bin/../lib/gcc/avr/5.4.0/avr5\libgcc.a(_copy_data.o)
 .text.libgcc.mul
                0x00000000        0x0 c:/program files (x86)/atmel/studio/7.0/toolchain/avr8/avr8-gnu-toolchain/bin/../lib/gcc/avr/5.4.0/avr5\libgcc.a(_copy_data.o)
 .text.libgcc.div
                0x00000000        0x0 c:/program files (x86)/atmel/studio/7.0/toolchain/avr8/avr8-gnu-toolchain/bin/../lib/gcc/avr/5.4.0/avr5\libgcc.a(_copy_data.o)
 .text.libgcc   0x00000000        0x0 c:/program files (x86)/atmel/studio/7.0/toolchain/avr8/avr8-gnu-toolchain/bin/../lib/gcc/avr/5.4.0/avr5\libgcc.a(_copy_data.o)
 .text.libgcc.prologue
                0x00000000        0x0 c:/program files (x86)/atmel/studio/7.0/toolchain/avr8/avr8-gnu-toolchain/bin/../lib/gcc/avr/5.4.0/avr5\libgcc.a(_copy_data.o)
 .text.libgcc.builtins
                0x00000000        0x0 c:/program files (x86)/atmel/studio/7.0/toolchain/avr8/avr8-gnu-toolchain/bin/../lib/gcc/avr/5.4.0/avr5\libgcc.a(_copy_data.o)
 .text.libgcc.fmul
                0x00000000        0x0 c:/program files (x86)/atmel/studio/7.0/toolchain/avr8/avr8-gnu-toolchain/bin/../lib/gcc/avr/5.4.0/avr5\libgcc.a(_copy_data.o)
 .text.libgcc.fixed
                0x00000000        0x0 c:/program files (x86)/atmel/studio/7.0/toolchain/avr8/avr8-gnu-toolchain/bin/../lib/gcc/avr/5.4.0/avr5\libgcc.a(_copy_data.o)
 .text          0x00000000        0x0 c:/program files (x86)/atmel/studio/7.0/toolchain/avr8/avr8-gnu-toolchain/bin/../lib/gcc/avr/5.4.0/avr5\libgcc.a(_clear_bss.o)
 .data          0x00000000        0x0 c:/program files (x86)/atmel/studio/7.0/toolchain/avr8/avr8-gnu-toolchain/bin/../lib/gcc/avr/5.4.0/avr5\libgcc.a(_clear_bss.o)
 .bss           0x00000000        0x0 c:/program files (x86)/atmel/studio/7.0/toolchain/avr8/avr8-gnu-toolchain/bin/../lib/gcc/avr/5.4.0/avr5\libgcc.a(_clear_bss.o)
 .text.libgcc.mul
                0x00000000        0x0 c:/program files (x86)/atmel/studio/7.0/toolchain/avr8/avr8-gnu-toolchain/bin/../lib/gcc/avr/5.4.0/avr5\libgcc.a(_clear_bss.o)
 .text.libgcc.div
                0x00000000        0x0 c:/program files (x86)/atmel/studio/7.0/toolchain/avr8/avr8-gnu-toolchain/bin/../lib/gcc/avr/5.4.0/avr5\libgcc.a(_clear_bss.o)
 .text.libgcc   0x00000000        0x0 c:/program files (x86)/atmel/studio/7.0/toolchain/avr8/avr8-gnu-toolchain/bin/../lib/gcc/avr/5.4.0/avr5\libgcc.a(_clear_bss.o)
 .text.libgcc.prologue
                0x00000000        0x0 c:/program files (x86)/atmel/studio/7.0/toolchain/avr8/avr8-gnu-toolchain/bin/../lib/gcc/avr/5.4.0/avr5\libgcc.a(_clear_bss.o)
 .text.libgcc.builtins
                0x00000000        0x0 c:/program files (x86)/atmel/studio/7.0/toolchain/avr8/avr8-gnu-toolchain/bin/../lib/gcc/avr/5.4.0/avr5\libgcc.a(_clear_bss.o)
 .text.libgcc.fmul
                0x00000000        0x0 c:/program files (x86)/atmel/studio/7.0/toolchain/avr8/avr8-gnu-toolchain/bin/../lib/gcc/avr/5.4.0/avr5\libgcc.a(_clear_bss.o)
 .text.libgcc.fixed
                0x00000000        0x0 c:/program files (x86)/atmel/studio/7.0/toolchain/avr8/avr8-gnu-toolchain/bin/../lib/gcc/avr/5.4.0/avr5\libgcc.a(_clear_bss.o)
 .text          0x00000000        0x0 c:/program files (x86)/atmel/studio/7.0/toolchain/avr8/avr8-gnu-toolchain/bin/../lib/gcc/avr/5.4.0/../../../../avr/lib/avr5\libc.a(memcpy.o)
 .data          0x00000000        0x0 c:/program files (x86)/atmel/studio/7.0/toolchain/avr8/avr8-gnu-toolchain/bin/../lib/gcc/avr/5.4.0/../../../../avr/lib/avr5\libc.a(memcpy.o)
 .bss           0x00000000        0x0 c:/program files (x86)/atmel/studio/7.0/toolchain/avr8/avr8-gnu-toolchain/bin/../lib/gcc/avr/5.4.0/../../../../avr/lib/avr5\libc.a(memcpy.o)

Memory Configuration

Name             Origin             Length             Attributes
text             0x00000000         0x00008000         xr
data             0x00800060         0x00000800         rw !x
eeprom           0x00810000         0x00000400         rw !x
fuse             0x00820000         0x00000002         rw !x
lock             0x00830000         0x00000400         rw !x
signature        0x00840000         0x00000400         rw !x
user_signatures  0x00850000         0x00000400         rw !x
*default*        0x00000000         0xffffffff

Linker script and memory map

LOAD C:/Program Files (x86)/Atmel/Studio/7.0/Packs/atmel/ATmega_DFP/1.7.374/gcc/dev/atmega32/avr5/crtatmega32.o
LOAD DIO_program.o
LOAD FREERTOS/croutine.o
LOAD FREERTOS/event_groups.o
LOAD FREERTOS/heap_1.o
LOAD FREERTOS/list.o
LOAD FREERTOS/port.o
LOAD FREERTOS/queue.o
LOAD FREERTOS/regtest.o
LOAD FREERTOS/stream_buffer.o
LOAD FREERTOS/tasks.o
LOAD FREERTOS/timers.o
LOAD GI_program.o
LOAD main.o
LOAD senven_segment.o
START GROUP
LOAD c:/program files (x86)/atmel/studio/7.0/toolchain/avr8/avr8-gnu-toolchain/bin/../lib/gcc/avr/5.4.0/../../../../avr/lib/avr5\libm.a
END GROUP
START GROUP
LOAD c:/program files (x86)/atmel/studio/7.0/toolchain/avr8/avr8-gnu-toolchain/bin/../lib/gcc/avr/5.4.0/avr5\libgcc.a
LOAD c:/program files (x86)/atmel/studio/7.0/toolchain/avr8/avr8-gnu-toolchain/bin/../lib/gcc/avr/5.4.0/../../../../avr/lib/avr5\libm.a
LOAD c:/program files (x86)/atmel/studio/7.0/toolchain/avr8/avr8-gnu-toolchain/bin/../lib/gcc/avr/5.4.0/../../../../avr/lib/avr5\libc.a
LOAD C:/Program Files (x86)/Atmel/Studio/7.0/Packs/atmel/ATmega_DFP/1.7.374/gcc/dev/atmega32/avr5\libatmega32.a
END GROUP
                0x00000000                __TEXT_REGION_ORIGIN__ = DEFINED (__TEXT_REGION_ORIGIN__)?__TEXT_REGION_ORIGIN__:0x0
                [0x00800060]                __DATA_REGION_ORIGIN__ = DEFINED (__DATA_REGION_ORIGIN__)?__DATA_REGION_ORIGIN__:0x800060
                [0x00008000]                __TEXT_REGION_LENGTH__ = DEFINED (__TEXT_REGION_LENGTH__)?__TEXT_REGION_LENGTH__:0x20000
                [0x00000800]                __DATA_REGION_LENGTH__ = DEFINED (__DATA_REGION_LENGTH__)?__DATA_REGION_LENGTH__:0xffa0
                [0x00000400]                __EEPROM_REGION_LENGTH__ = DEFINED (__EEPROM_REGION_LENGTH__)?__EEPROM_REGION_LENGTH__:0x10000
                [0x00000002]                __FUSE_REGION_LENGTH__ = DEFINED (__FUSE_REGION_LENGTH__)?__FUSE_REGION_LENGTH__:0x400
                0x00000400                __LOCK_REGION_LENGTH__ = DEFINED (__LOCK_REGION_LENGTH__)?__LOCK_REGION_LENGTH__:0x400
                0x00000400                __SIGNATURE_REGION_LENGTH__ = DEFINED (__SIGNATURE_REGION_LENGTH__)?__SIGNATURE_REGION_LENGTH__:0x400
                0x00000400                __USER_SIGNATURE_REGION_LENGTH__ = DEFINED (__USER_SIGNATURE_REGION_LENGTH__)?__USER_SIGNATURE_REGION_LENGTH__:0x400

.hash
 *(.hash)

.dynsym
 *(.dynsym)

.dynstr
 *(.dynstr)

.gnu.version
 *(.gnu.version)

.gnu.version_d
 *(.gnu.version_d)

.gnu.version_r
 *(.gnu.version_r)

.rel.init
 *(.rel.init)

.rela.init
 *(.rela.init)

.rel.text
 *(.rel.text)
 *(.rel.text.*)
 *(.rel.gnu.linkonce.t*)

.rela.text
 *(.rela.text)
 *(.rela.text.*)
 *(.rela.gnu.linkonce.t*)

.rel.fini
 *(.rel.fini)

.rela.fini
 *(.rela.fini)

.rel.rodata
 *(.rel.rodata)
 *(.rel.rodata.*)
 *(.rel.gnu.linkonce.r*)

.rela.rodata
 *(.rela.rodata)
 *(.rela.rodata.*)
 *(.rela.gnu.linkonce.r*)

.rel.data
 *(.rel.data)
 *(.rel.data.*)
 *(.rel.gnu.linkonce.d*)

.rela.data
 *(.rela.data)
 *(.rela.data.*)
 *(.rela.gnu.linkonce.d*)

.rel.ctors
 *(.rel.ctors)

.rela.ctors
 *(.rela.ctors)

.rel.dtors
 *(.rel.dtors)

.rela.dtors
 *(.rela.dtors)

.rel.got
 *(.rel.got)

.rela.got
 *(.rela.got)

.rel.bss
 *(.rel.bss)

.rela.bss
 *(.rela.bss)

.rel.plt
 *(.rel.plt)

.rela.plt
 *(.rela.plt)

.text           0x00000000     0x1fca
 *(.vectors)
 .vectors       0x00000000       0x54 C:/Program Files (x86)/Atmel/Studio/7.0/Packs/atmel/ATmega_DFP/1.7.374/gcc/dev/atmega32/avr5/crtatmega32.o
                0x00000000                __vector_default
                0x00000000                __vectors
 *(.vectors)
 *(.progmem.gcc*)
 .progmem.gcc_sw_table.SevenSegmentCommonAnode
                0x00000054       0x14 senven_segment.o
                0x00000068                . = ALIGN (0x2)
                0x00000068                __trampolines_start = .
 *(.trampolines)
 .trampolines   0x00000068        0x0 linker stubs
 *(.trampolines*)
                0x00000068                __trampolines_end = .
 *libprintf_flt.a:*(.progmem.data)
 *libc.a:*(.progmem.data)
 *(.progmem*)
                0x00000068                . = ALIGN (0x2)
 *(.jumptables)
 *(.jumptables*)
 *(.lowtext)
 *(.lowtext*)
                0x00000068                __ctors_start = .
 *(.ctors)
                0x00000068                __ctors_end = .
                0x00000068                __dtors_start = .
 *(.dtors)
                0x00000068                __dtors_end = .
 SORT(*)(.ctors)
 SORT(*)(.dtors)
 *(.init0)
 .init0         0x00000068        0x0 C:/Program Files (x86)/Atmel/Studio/7.0/Packs/atmel/ATmega_DFP/1.7.374/gcc/dev/atmega32/avr5/crtatmega32.o
                0x00000068                __init
 *(.init0)
 *(.init1)
 *(.init1)
 *(.init2)
 .init2         0x00000068        0xc C:/Program Files (x86)/Atmel/Studio/7.0/Packs/atmel/ATmega_DFP/1.7.374/gcc/dev/atmega32/avr5/crtatmega32.o
 *(.init2)
 *(.init3)
 *(.init3)
 *(.init4)
 .init4         0x00000074       0x16 c:/program files (x86)/atmel/studio/7.0/toolchain/avr8/avr8-gnu-toolchain/bin/../lib/gcc/avr/5.4.0/avr5\libgcc.a(_copy_data.o)
                0x00000074                __do_copy_data
 .init4         0x0000008a       0x10 c:/program files (x86)/atmel/studio/7.0/toolchain/avr8/avr8-gnu-toolchain/bin/../lib/gcc/avr/5.4.0/avr5\libgcc.a(_clear_bss.o)
                0x0000008a                __do_clear_bss
 *(.init4)
 *(.init5)
 *(.init5)
 *(.init6)
 *(.init6)
 *(.init7)
 *(.init7)
 *(.init8)
 *(.init8)
 *(.init9)
 .init9         0x0000009a        0x8 C:/Program Files (x86)/Atmel/Studio/7.0/Packs/atmel/ATmega_DFP/1.7.374/gcc/dev/atmega32/avr5/crtatmega32.o
 *(.init9)
 *(.text)
 .text          0x000000a2        0x4 C:/Program Files (x86)/Atmel/Studio/7.0/Packs/atmel/ATmega_DFP/1.7.374/gcc/dev/atmega32/avr5/crtatmega32.o
                0x000000a2                __vector_1
                0x000000a2                __vector_12
                0x000000a2                __bad_interrupt
                0x000000a2                __vector_6
                0x000000a2                __vector_3
                0x000000a2                __vector_11
                0x000000a2                __vector_13
                0x000000a2                __vector_17
                0x000000a2                __vector_19
                0x000000a2                __vector_5
                0x000000a2                __vector_4
                0x000000a2                __vector_9
                0x000000a2                __vector_2
                0x000000a2                __vector_15
                0x000000a2                __vector_8
                0x000000a2                __vector_14
                0x000000a2                __vector_10
                0x000000a2                __vector_16
                0x000000a2                __vector_18
                0x000000a2                __vector_20
                0x000000a6                . = ALIGN (0x2)
 *(.text.*)
 .text.DIO_voidSetPinDirection
                0x000000a6       0xec DIO_program.o
                0x000000a6                DIO_voidSetPinDirection
 .text.DIO_voidSetPinValue
                0x00000192       0xda DIO_program.o
                0x00000192                DIO_voidSetPinValue
 .text.pvPortMalloc
                0x0000026c       0x4c FREERTOS/heap_1.o
                0x0000026c                pvPortMalloc
 .text.vPortFree
                0x000002b8        0x2 FREERTOS/heap_1.o
                0x000002b8                vPortFree
 .text.vListInitialise
                0x000002ba       0x1c FREERTOS/list.o
                0x000002ba                vListInitialise
 .text.vListInitialiseItem
                0x000002d6        0x8 FREERTOS/list.o
                0x000002d6                vListInitialiseItem
 .text.vListInsert
                0x000002de       0x62 FREERTOS/list.o
                0x000002de                vListInsert
 .text.uxListRemove
                0x00000340       0x4e FREERTOS/list.o
                0x00000340                uxListRemove
 .text.prvSetupTimerInterrupt
                0x0000038e       0x12 FREERTOS/port.o
 .text.pxPortInitialiseStack
                0x000003a0       0xd8 FREERTOS/port.o
                0x000003a0                pxPortInitialiseStack
 .text.xPortStartScheduler
                0x00000478       0x5e FREERTOS/port.o
                0x00000478                xPortStartScheduler
 .text.vPortYield
                0x000004d6       0xb2 FREERTOS/port.o
                0x000004d6                vPortYield
 .text.vPortYieldFromTick
                0x00000588       0xb8 FREERTOS/port.o
                0x00000588                vPortYieldFromTick
 .text.__vector_7
                0x00000640        0x6 FREERTOS/port.o
                0x00000640                __vector_7
 .text.prvGetDisinheritPriorityAfterTimeout
                0x00000646       0x20 FREERTOS/queue.o
 .text.prvIsQueueEmpty
                0x00000666       0x1a FREERTOS/queue.o
 .text.prvIsQueueFull
                0x00000680       0x1c FREERTOS/queue.o
 .text.prvCopyDataToQueue
                0x0000069c       0xbe FREERTOS/queue.o
 .text.prvUnlockQueue
                0x0000075a       0x68 FREERTOS/queue.o
 .text.xQueueGenericReset
                0x000007c2       0xc0 FREERTOS/queue.o
                0x000007c2                xQueueGenericReset
 .text.prvInitialiseNewQueue
                0x00000882       0x26 FREERTOS/queue.o
 .text.xQueueGenericCreate
                0x000008a8       0x82 FREERTOS/queue.o
                0x000008a8                xQueueGenericCreate
 .text.xQueueGenericSend
                0x0000092a      0x124 FREERTOS/queue.o
                0x0000092a                xQueueGenericSend
 .text.xQueueSemaphoreTake
                0x00000a4e      0x162 FREERTOS/queue.o
                0x00000a4e                xQueueSemaphoreTake
 .text.prvResetNextTaskUnblockTime
                0x00000bb0       0x38 FREERTOS/tasks.o
 .text.prvDeleteTCB
                0x00000be8       0x1a FREERTOS/tasks.o
 .text.prvInitialiseNewTask
                0x00000c02      0x100 FREERTOS/tasks.o
 .text.prvInitialiseTaskLists
                0x00000d02       0x6e FREERTOS/tasks.o
 .text.prvAddNewTaskToReadyList
                0x00000d70       0xfa FREERTOS/tasks.o
 .text.prvCheckTasksWaitingTermination
                0x00000e6a       0x4c FREERTOS/tasks.o
 .text.prvIdleTask
                0x00000eb6        0x6 FREERTOS/tasks.o
 .text.prvAddCurrentTaskToDelayedList
                0x00000ebc      0x102 FREERTOS/tasks.o
 .text.xTaskCreate
                0x00000fbe       0xa8 FREERTOS/tasks.o
                0x00000fbe                xTaskCreate
 .text.vTaskStartScheduler
                0x00001066       0x58 FREERTOS/tasks.o
                0x00001066                vTaskStartScheduler
 .text.vTaskSuspendAll
                0x000010be        0xc FREERTOS/tasks.o
                0x000010be                vTaskSuspendAll
 .text.xTaskIncrementTick
                0x000010ca      0x234 FREERTOS/tasks.o
                0x000010ca                xTaskIncrementTick
 .text.xTaskResumeAll
                0x000012fe      0x1aa FREERTOS/tasks.o
                0x000012fe                xTaskResumeAll
 .text.vTaskDelay
                0x000014a8       0x2c FREERTOS/tasks.o
                0x000014a8                vTaskDelay
 .text.vTaskSwitchContext
                0x000014d4       0xa8 FREERTOS/tasks.o
                0x000014d4                vTaskSwitchContext
 .text.vTaskPlaceOnEventList
                0x0000157c       0x24 FREERTOS/tasks.o
                0x0000157c                vTaskPlaceOnEventList
 .text.xTaskRemoveFromEventList
                0x000015a0      0x17a FREERTOS/tasks.o
                0x000015a0                xTaskRemoveFromEventList
 .text.vTaskInternalSetTimeOutState
                0x0000171a       0x16 FREERTOS/tasks.o
                0x0000171a                vTaskInternalSetTimeOutState
 .text.xTaskCheckForTimeOut
                0x00001730       0x7e FREERTOS/tasks.o
                0x00001730                xTaskCheckForTimeOut
 .text.vTaskMissedYield
                0x000017ae        0x8 FREERTOS/tasks.o
                0x000017ae                vTaskMissedYield
 .text.xTaskPriorityInherit
                0x000017b6      0x128 FREERTOS/tasks.o
                0x000017b6                xTaskPriorityInherit
 .text.xTaskPriorityDisinherit
                0x000018de       0xc6 FREERTOS/tasks.o
                0x000018de                xTaskPriorityDisinherit
 .text.vTaskPriorityDisinheritAfterTimeout
                0x000019a4       0xe6 FREERTOS/tasks.o
                0x000019a4                vTaskPriorityDisinheritAfterTimeout
 .text.pvTaskIncrementMutexHeldCount
                0x00001a8a       0x24 FREERTOS/tasks.o
                0x00001a8a                pvTaskIncrementMutexHeldCount
 .text.COUNTER_States
                0x00001aae       0x7c main.o
                0x00001aae                COUNTER_States
 .text.main     0x00001b2a       0xd2 main.o
                0x00001b2a                main
 .text.SS_DISP  0x00001bfc       0x54 main.o
                0x00001bfc                SS_DISP
 .text.RED_LIGHT
                0x00001c50       0x6c main.o
                0x00001c50                RED_LIGHT
 .text.YELLOW_LIGHT
                0x00001cbc       0x6e main.o
                0x00001cbc                YELLOW_LIGHT
 .text.GREEN_LIGHT
                0x00001d2a       0x6e main.o
                0x00001d2a                GREEN_LIGHT
 .text.SevenSegmentCommonAnode_INIT
                0x00001d98       0x32 senven_segment.o
                0x00001d98                SevenSegmentCommonAnode_INIT
 .text.SevenSegmentCommonAnode
                0x00001dca      0x1b6 senven_segment.o
                0x00001dca                SevenSegmentCommonAnode
 .text.libgcc.div
                0x00001f80       0x28 c:/program files (x86)/atmel/studio/7.0/toolchain/avr8/avr8-gnu-toolchain/bin/../lib/gcc/avr/5.4.0/avr5\libgcc.a(_udivmodhi4.o)
                0x00001f80                __udivmodhi4
 .text.libgcc   0x00001fa8        0xc c:/program files (x86)/atmel/studio/7.0/toolchain/avr8/avr8-gnu-toolchain/bin/../lib/gcc/avr/5.4.0/avr5\libgcc.a(_tablejump2.o)
                0x00001fa8                __tablejump2__
 .text.avr-libc
                0x00001fb4       0x12 c:/program files (x86)/atmel/studio/7.0/toolchain/avr8/avr8-gnu-toolchain/bin/../lib/gcc/avr/5.4.0/../../../../avr/lib/avr5\libc.a(memcpy.o)
                0x00001fb4                memcpy
                0x00001fc6                . = ALIGN (0x2)
 *(.fini9)
 .fini9         0x00001fc6        0x0 c:/program files (x86)/atmel/studio/7.0/toolchain/avr8/avr8-gnu-toolchain/bin/../lib/gcc/avr/5.4.0/avr5\libgcc.a(_exit.o)
                0x00001fc6                _exit
                0x00001fc6                exit
 *(.fini9)
 *(.fini8)
 *(.fini8)
 *(.fini7)
 *(.fini7)
 *(.fini6)
 *(.fini6)
 *(.fini5)
 *(.fini5)
 *(.fini4)
 *(.fini4)
 *(.fini3)
 *(.fini3)
 *(.fini2)
 *(.fini2)
 *(.fini1)
 *(.fini1)
 *(.fini0)
 .fini0         0x00001fc6        0x4 c:/program files (x86)/atmel/studio/7.0/toolchain/avr8/avr8-gnu-toolchain/bin/../lib/gcc/avr/5.4.0/avr5\libgcc.a(_exit.o)
 *(.fini0)
                0x00001fca                _etext = .

.data           0x00800060       0x1e load address 0x00001fca
                0x00800060                PROVIDE (__data_start, .)
 *(.data)
 *(.data*)
 .data.uxTopUsedPriority
                0x00800060        0x1 FREERTOS/tasks.o
                0x00800060                uxTopUsedPriority
 .data.seconds  0x00800061        0x1 main.o
                0x00800061                seconds
 *(.gnu.linkonce.d*)
 *(.rodata)
 *(.rodata*)
 .rodata.str1.1
                0x00800062        0x5 FREERTOS/tasks.o
 .rodata.str1.1
                0x00800067       0x16 main.o
 *(.gnu.linkonce.r*)
                0x0080007e                . = ALIGN (0x2)
 *fill*         0x0080007d        0x1 
                0x0080007e                _edata = .
                0x0080007e                PROVIDE (__data_end, .)

.bss            0x0080007e      0x45c
                0x0080007e                PROVIDE (__bss_start, .)
 *(.bss)
 *(.bss*)
 .bss.xNextFreeByte
                0x0080007e        0x2 FREERTOS/heap_1.o
 .bss.xHeap     0x00800080      0x3e8 FREERTOS/heap_1.o
 .bss.uxSchedulerSuspended
                0x00800468        0x1 FREERTOS/tasks.o
 .bss.xIdleTaskHandle
                0x00800469        0x2 FREERTOS/tasks.o
 .bss.xNextTaskUnblockTime
                0x0080046b        0x2 FREERTOS/tasks.o
 .bss.uxTaskNumber
                0x0080046d        0x1 FREERTOS/tasks.o
 .bss.xNumOfOverflows
                0x0080046e        0x1 FREERTOS/tasks.o
 .bss.xYieldPending
                0x0080046f        0x1 FREERTOS/tasks.o
 .bss.xPendedTicks
                0x00800470        0x2 FREERTOS/tasks.o
 .bss.xSchedulerRunning
                0x00800472        0x1 FREERTOS/tasks.o
 .bss.uxTopReadyPriority
                0x00800473        0x1 FREERTOS/tasks.o
 .bss.xTickCount
                0x00800474        0x2 FREERTOS/tasks.o
 .bss.uxCurrentNumberOfTasks
                0x00800476        0x1 FREERTOS/tasks.o
 .bss.xSuspendedTaskList
                0x00800477        0x9 FREERTOS/tasks.o
 .bss.uxDeletedTasksWaitingCleanUp
                0x00800480        0x1 FREERTOS/tasks.o
 .bss.xTasksWaitingTermination
                0x00800481        0x9 FREERTOS/tasks.o
 .bss.xPendingReadyList
                0x0080048a        0x9 FREERTOS/tasks.o
 .bss.pxOverflowDelayedTaskList
                0x00800493        0x2 FREERTOS/tasks.o
 .bss.pxDelayedTaskList
                0x00800495        0x2 FREERTOS/tasks.o
 .bss.xDelayedTaskList2
                0x00800497        0x9 FREERTOS/tasks.o
 .bss.xDelayedTaskList1
                0x008004a0        0x9 FREERTOS/tasks.o
 .bss.pxReadyTasksLists
                0x008004a9       0x24 FREERTOS/tasks.o
 .bss.pxCurrentTCB
                0x008004cd        0x2 FREERTOS/tasks.o
                0x008004cd                pxCurrentTCB
 .bss.xSemaphore_Seconds
                0x008004cf        0x2 main.o
                0x008004cf                xSemaphore_Seconds
 .bss.Total_sec_counter
                0x008004d1        0x1 main.o
                0x008004d1                Total_sec_counter
 .bss.xTask4_H  0x008004d2        0x2 main.o
                0x008004d2                xTask4_H
 .bss.xTask3_H  0x008004d4        0x2 main.o
                0x008004d4                xTask3_H
 .bss.xTask2_H  0x008004d6        0x2 main.o
                0x008004d6                xTask2_H
 .bss.xTask1_H  0x008004d8        0x2 main.o
                0x008004d8                xTask1_H
 *(COMMON)
                0x008004da                PROVIDE (__bss_end, .)
                0x00001fca                __data_load_start = LOADADDR (.data)
                0x00001fe8                __data_load_end = (__data_load_start + SIZEOF (.data))

.noinit         0x008004da        0x0
                [!provide]                PROVIDE (__noinit_start, .)
 *(.noinit*)
                [!provide]                PROVIDE (__noinit_end, .)
                0x008004da                _end = .
                [!provide]                PROVIDE (__heap_start, .)

.eeprom         0x00810000        0x0
 *(.eeprom*)
                0x00810000                __eeprom_end = .

.fuse
 *(.fuse)
 *(.lfuse)
 *(.hfuse)
 *(.efuse)

.lock
 *(.lock*)

.signature
 *(.signature*)

.user_signatures
 *(.user_signatures*)

.stab
 *(.stab)

.stabstr
 *(.stabstr)

.stab.excl
 *(.stab.excl)

.stab.exclstr
 *(.stab.exclstr)

.stab.index
 *(.stab.index)

.stab.indexstr
 *(.stab.indexstr)

.comment        0x00000000       0x30
 *(.comment)
 .comment       0x00000000       0x30 DIO_program.o
                                 0x31 (size before relaxing)
 .comment       0x00000030       0x31 FREERTOS/heap_1.o
 .comment       0x00000030       0x31 FREERTOS/list.o
 .comment       0x00000030       0x31 FREERTOS/port.o
 .comment       0x00000030       0x31 FREERTOS/queue.o
 .comment       0x00000030       0x31 FREERTOS/tasks.o
 .comment       0x00000030       0x31 main.o
 .comment       0x00000030       0x31 senven_segment.o

.note.gnu.avr.deviceinfo
                0x00000000       0x3c
 .note.gnu.avr.deviceinfo
                0x00000000       0x3c C:/Program Files (x86)/Atmel/Studio/7.0/Packs/atmel/ATmega_DFP/1.7.374/gcc/dev/atmega32/avr5/crtatmega32.o

.note.gnu.build-id
 *(.note.gnu.build-id)

.debug
 *(.debug)

.line
 *(.line)

.debug_srcinfo
 *(.debug_srcinfo)

.debug_sfnames
 *(.debug_sfnames)

.debug_aranges  0x00000000      0x458
 *(.debug_aranges)
 .debug_aranges
                0x00000000       0x70 DIO_program.o
 .debug_aranges
                0x00000070       0x38 FREERTOS/heap_1.o
 .debug_aranges
                0x000000a8       0x40 FREERTOS/list.o
 .debug_aranges
                0x000000e8       0x50 FREERTOS/port.o
 .debug_aranges
                0x00000138      0x108 FREERTOS/queue.o
 .debug_aranges
                0x00000240      0x198 FREERTOS/tasks.o
 .debug_aranges
                0x000003d8       0x48 main.o
 .debug_aranges
                0x00000420       0x38 senven_segment.o

.debug_pubnames
 *(.debug_pubnames)

.debug_info     0x00000000     0x5003
 *(.debug_info .gnu.linkonce.wi.*)
 .debug_info    0x00000000      0x4e6 C:/Program Files (x86)/Atmel/Studio/7.0/Packs/atmel/ATmega_DFP/1.7.374/gcc/dev/atmega32/avr5/crtatmega32.o
 .debug_info    0x000004e6      0x2c9 DIO_program.o
 .debug_info    0x000007af      0x1a0 FREERTOS/heap_1.o
 .debug_info    0x0000094f      0x2d8 FREERTOS/list.o
 .debug_info    0x00000c27      0x24e FREERTOS/port.o
 .debug_info    0x00000e75     0x19ab FREERTOS/queue.o
 .debug_info    0x00002820     0x1e8c FREERTOS/tasks.o
 .debug_info    0x000046ac      0x7fd main.o
 .debug_info    0x00004ea9      0x15a senven_segment.o

.debug_abbrev   0x00000000      0xfd2
 *(.debug_abbrev)
 .debug_abbrev  0x00000000      0x4a3 C:/Program Files (x86)/Atmel/Studio/7.0/Packs/atmel/ATmega_DFP/1.7.374/gcc/dev/atmega32/avr5/crtatmega32.o
 .debug_abbrev  0x000004a3       0xd7 DIO_program.o
 .debug_abbrev  0x0000057a      0x136 FREERTOS/heap_1.o
 .debug_abbrev  0x000006b0       0xff FREERTOS/list.o
 .debug_abbrev  0x000007af      0x143 FREERTOS/port.o
 .debug_abbrev  0x000008f2      0x227 FREERTOS/queue.o
 .debug_abbrev  0x00000b19      0x2ae FREERTOS/tasks.o
 .debug_abbrev  0x00000dc7      0x140 main.o
 .debug_abbrev  0x00000f07       0xcb senven_segment.o

.debug_line     0x00000000     0x3107
 *(.debug_line .debug_line.* .debug_line_end)
 .debug_line    0x00000000      0x116 C:/Program Files (x86)/Atmel/Studio/7.0/Packs/atmel/ATmega_DFP/1.7.374/gcc/dev/atmega32/avr5/crtatmega32.o
 .debug_line    0x00000116      0x3b4 DIO_program.o
 .debug_line    0x000004ca      0x138 FREERTOS/heap_1.o
 .debug_line    0x00000602      0x1d7 FREERTOS/list.o
 .debug_line    0x000007d9      0x2a4 FREERTOS/port.o
 .debug_line    0x00000a7d      0xd77 FREERTOS/queue.o
 .debug_line    0x000017f4     0x1324 FREERTOS/tasks.o
 .debug_line    0x00002b18      0x2e9 main.o
 .debug_line    0x00002e01      0x306 senven_segment.o

.debug_frame    0x00000000      0xcfc
 *(.debug_frame)
 .debug_frame   0x00000000       0xc4 DIO_program.o
 .debug_frame   0x000000c4       0x60 FREERTOS/heap_1.o
 .debug_frame   0x00000124       0x88 FREERTOS/list.o
 .debug_frame   0x000001ac       0x84 FREERTOS/port.o
 .debug_frame   0x00000230      0x3d4 FREERTOS/queue.o
 .debug_frame   0x00000604      0x628 FREERTOS/tasks.o
 .debug_frame   0x00000c2c       0x7c main.o
 .debug_frame   0x00000ca8       0x54 senven_segment.o

.debug_str      0x00000000     0x185b
 *(.debug_str)
 .debug_str     0x00000000      0x196 C:/Program Files (x86)/Atmel/Studio/7.0/Packs/atmel/ATmega_DFP/1.7.374/gcc/dev/atmega32/avr5/crtatmega32.o
 .debug_str     0x00000196      0x2b0 DIO_program.o
                                0x2d7 (size before relaxing)
 .debug_str     0x00000446       0xee FREERTOS/heap_1.o
                                0x20a (size before relaxing)
 .debug_str     0x00000534      0x150 FREERTOS/list.o
                                0x2a0 (size before relaxing)
 .debug_str     0x00000684      0x130 FREERTOS/port.o
                                0x299 (size before relaxing)
 .debug_str     0x000007b4      0x6c2 FREERTOS/queue.o
                                0x96e (size before relaxing)
 .debug_str     0x00000e76      0x8cd FREERTOS/tasks.o
                                0xdc6 (size before relaxing)
 .debug_str     0x00001743       0xf0 main.o
                                0x374 (size before relaxing)
 .debug_str     0x00001833       0x28 senven_segment.o
                                0x1cb (size before relaxing)

.debug_loc      0x00000000     0x52c2
 *(.debug_loc)
 .debug_loc     0x00000000      0x49f DIO_program.o
 .debug_loc     0x0000049f       0xf1 FREERTOS/heap_1.o
 .debug_loc     0x00000590      0x145 FREERTOS/list.o
 .debug_loc     0x000006d5      0x2a0 FREERTOS/port.o
 .debug_loc     0x00000975     0x21d9 FREERTOS/queue.o
 .debug_loc     0x00002b4e     0x2510 FREERTOS/tasks.o
 .debug_loc     0x0000505e       0xf4 main.o
 .debug_loc     0x00005152      0x170 senven_segment.o

.debug_macinfo
 *(.debug_macinfo)

.debug_weaknames
 *(.debug_weaknames)

.debug_funcnames
 *(.debug_funcnames)

.debug_typenames
 *(.debug_typenames)

.debug_varnames
 *(.debug_varnames)

.debug_pubtypes
 *(.debug_pubtypes)

.debug_ranges   0x00000000      0x460
 *(.debug_ranges)
 .debug_ranges  0x00000000       0x60 DIO_program.o
 .debug_ranges  0x00000060       0x28 FREERTOS/heap_1.o
 .debug_ranges  0x00000088       0x30 FREERTOS/list.o
 .debug_ranges  0x000000b8       0x40 FREERTOS/port.o
 .debug_ranges  0x000000f8      0x140 FREERTOS/queue.o
 .debug_ranges  0x00000238      0x1c8 FREERTOS/tasks.o
 .debug_ranges  0x00000400       0x38 main.o
 .debug_ranges  0x00000438       0x28 senven_segment.o

.debug_macro
 *(.debug_macro)
OUTPUT(TRAFFIC_2.elf elf32-avr)
LOAD linker stubs
