Archive member included to satisfy reference by file (symbol)

C:/ST/STM32CubeIDE_1.13.2/STM32CubeIDE/plugins/com.st.stm32cube.ide.mcu.externaltools.gnu-tools-for-stm32.11.3.rel1.win32_1.1.1.202309131626/tools/bin/../lib/gcc/arm-none-eabi/11.3.1/../../../../arm-none-eabi/lib/thumb/v7-m/nofp\libc_nano.a(libc_a-exit.o)
                              C:/ST/STM32CubeIDE_1.13.2/STM32CubeIDE/plugins/com.st.stm32cube.ide.mcu.externaltools.gnu-tools-for-stm32.11.3.rel1.win32_1.1.1.202309131626/tools/bin/../lib/gcc/arm-none-eabi/11.3.1/../../../../arm-none-eabi/lib/thumb/v7-m/nofp/crt0.o (exit)
C:/ST/STM32CubeIDE_1.13.2/STM32CubeIDE/plugins/com.st.stm32cube.ide.mcu.externaltools.gnu-tools-for-stm32.11.3.rel1.win32_1.1.1.202309131626/tools/bin/../lib/gcc/arm-none-eabi/11.3.1/../../../../arm-none-eabi/lib/thumb/v7-m/nofp\libc_nano.a(libc_a-findfp.o)
                              C:/ST/STM32CubeIDE_1.13.2/STM32CubeIDE/plugins/com.st.stm32cube.ide.mcu.externaltools.gnu-tools-for-stm32.11.3.rel1.win32_1.1.1.202309131626/tools/bin/../lib/gcc/arm-none-eabi/11.3.1/../../../../arm-none-eabi/lib/thumb/v7-m/nofp\libc_nano.a(libc_a-exit.o) (__stdio_exit_handler)
C:/ST/STM32CubeIDE_1.13.2/STM32CubeIDE/plugins/com.st.stm32cube.ide.mcu.externaltools.gnu-tools-for-stm32.11.3.rel1.win32_1.1.1.202309131626/tools/bin/../lib/gcc/arm-none-eabi/11.3.1/../../../../arm-none-eabi/lib/thumb/v7-m/nofp\libc_nano.a(libc_a-fwalk.o)
                              C:/ST/STM32CubeIDE_1.13.2/STM32CubeIDE/plugins/com.st.stm32cube.ide.mcu.externaltools.gnu-tools-for-stm32.11.3.rel1.win32_1.1.1.202309131626/tools/bin/../lib/gcc/arm-none-eabi/11.3.1/../../../../arm-none-eabi/lib/thumb/v7-m/nofp\libc_nano.a(libc_a-findfp.o) (_fwalk_sglue)
C:/ST/STM32CubeIDE_1.13.2/STM32CubeIDE/plugins/com.st.stm32cube.ide.mcu.externaltools.gnu-tools-for-stm32.11.3.rel1.win32_1.1.1.202309131626/tools/bin/../lib/gcc/arm-none-eabi/11.3.1/../../../../arm-none-eabi/lib/thumb/v7-m/nofp\libc_nano.a(libc_a-stdio.o)
                              C:/ST/STM32CubeIDE_1.13.2/STM32CubeIDE/plugins/com.st.stm32cube.ide.mcu.externaltools.gnu-tools-for-stm32.11.3.rel1.win32_1.1.1.202309131626/tools/bin/../lib/gcc/arm-none-eabi/11.3.1/../../../../arm-none-eabi/lib/thumb/v7-m/nofp\libc_nano.a(libc_a-findfp.o) (__sread)
C:/ST/STM32CubeIDE_1.13.2/STM32CubeIDE/plugins/com.st.stm32cube.ide.mcu.externaltools.gnu-tools-for-stm32.11.3.rel1.win32_1.1.1.202309131626/tools/bin/../lib/gcc/arm-none-eabi/11.3.1/../../../../arm-none-eabi/lib/thumb/v7-m/nofp\libc_nano.a(libc_a-memset.o)
                              C:/ST/STM32CubeIDE_1.13.2/STM32CubeIDE/plugins/com.st.stm32cube.ide.mcu.externaltools.gnu-tools-for-stm32.11.3.rel1.win32_1.1.1.202309131626/tools/bin/../lib/gcc/arm-none-eabi/11.3.1/../../../../arm-none-eabi/lib/thumb/v7-m/nofp/crt0.o (memset)
C:/ST/STM32CubeIDE_1.13.2/STM32CubeIDE/plugins/com.st.stm32cube.ide.mcu.externaltools.gnu-tools-for-stm32.11.3.rel1.win32_1.1.1.202309131626/tools/bin/../lib/gcc/arm-none-eabi/11.3.1/../../../../arm-none-eabi/lib/thumb/v7-m/nofp\libc_nano.a(libc_a-closer.o)
                              C:/ST/STM32CubeIDE_1.13.2/STM32CubeIDE/plugins/com.st.stm32cube.ide.mcu.externaltools.gnu-tools-for-stm32.11.3.rel1.win32_1.1.1.202309131626/tools/bin/../lib/gcc/arm-none-eabi/11.3.1/../../../../arm-none-eabi/lib/thumb/v7-m/nofp\libc_nano.a(libc_a-stdio.o) (_close_r)
C:/ST/STM32CubeIDE_1.13.2/STM32CubeIDE/plugins/com.st.stm32cube.ide.mcu.externaltools.gnu-tools-for-stm32.11.3.rel1.win32_1.1.1.202309131626/tools/bin/../lib/gcc/arm-none-eabi/11.3.1/../../../../arm-none-eabi/lib/thumb/v7-m/nofp\libc_nano.a(libc_a-reent.o)
                              C:/ST/STM32CubeIDE_1.13.2/STM32CubeIDE/plugins/com.st.stm32cube.ide.mcu.externaltools.gnu-tools-for-stm32.11.3.rel1.win32_1.1.1.202309131626/tools/bin/../lib/gcc/arm-none-eabi/11.3.1/../../../../arm-none-eabi/lib/thumb/v7-m/nofp\libc_nano.a(libc_a-closer.o) (errno)
C:/ST/STM32CubeIDE_1.13.2/STM32CubeIDE/plugins/com.st.stm32cube.ide.mcu.externaltools.gnu-tools-for-stm32.11.3.rel1.win32_1.1.1.202309131626/tools/bin/../lib/gcc/arm-none-eabi/11.3.1/../../../../arm-none-eabi/lib/thumb/v7-m/nofp\libc_nano.a(libc_a-impure.o)
                              C:/ST/STM32CubeIDE_1.13.2/STM32CubeIDE/plugins/com.st.stm32cube.ide.mcu.externaltools.gnu-tools-for-stm32.11.3.rel1.win32_1.1.1.202309131626/tools/bin/../lib/gcc/arm-none-eabi/11.3.1/../../../../arm-none-eabi/lib/thumb/v7-m/nofp\libc_nano.a(libc_a-reent.o) (_impure_ptr)
C:/ST/STM32CubeIDE_1.13.2/STM32CubeIDE/plugins/com.st.stm32cube.ide.mcu.externaltools.gnu-tools-for-stm32.11.3.rel1.win32_1.1.1.202309131626/tools/bin/../lib/gcc/arm-none-eabi/11.3.1/../../../../arm-none-eabi/lib/thumb/v7-m/nofp\libc_nano.a(libc_a-lseekr.o)
[...]
Memory Configuration

Name             Origin             Length             Attributes
RAM              0x0000000020000000 0x0000000000005000 xrw
FLASH            0x0000000008000000 0x0000000000010000 xr
*default*        0x0000000000000000 0xffffffffffffffff

Linker script and memory map

LOAD C:/ST/STM32CubeIDE_1.13.2/STM32CubeIDE/plugins/com.st.stm32cube.ide.mcu.externaltools.gnu-tools-for-stm32.11.3.rel1.win32_1.1.1.202309131626/tools/bin/../lib/gcc/arm-none-eabi/11.3.1/thumb/v7-m/nofp/crti.o
LOAD C:/ST/STM32CubeIDE_1.13.2/STM32CubeIDE/plugins/com.st.stm32cube.ide.mcu.externaltools.gnu-tools-for-stm32.11.3.rel1.win32_1.1.1.202309131626/tools/bin/../lib/gcc/arm-none-eabi/11.3.1/thumb/v7-m/nofp/crtbegin.o
LOAD C:/ST/STM32CubeIDE_1.13.2/STM32CubeIDE/plugins/com.st.stm32cube.ide.mcu.externaltools.gnu-tools-for-stm32.11.3.rel1.win32_1.1.1.202309131626/tools/bin/../lib/gcc/arm-none-eabi/11.3.1/../../../../arm-none-eabi/lib/thumb/v7-m/nofp/crt0.o
LOAD ./Src/DIO_prog.o
LOAD ./Src/LCD.o
LOAD ./Src/RCC.o
LOAD ./Src/Systick.o
LOAD ./Src/main.o
LOAD ./Src/syscalls.o
LOAD ./Src/sysmem.o
LOAD ./Startup/startup_stm32f103c8tx.o
START GROUP
LOAD C:/ST/STM32CubeIDE_1.13.2/STM32CubeIDE/plugins/com.st.stm32cube.ide.mcu.externaltools.gnu-tools-for-stm32.11.3.rel1.win32_1.1.1.202309131626/tools/bin/../lib/gcc/arm-none-eabi/11.3.1/../../../../arm-none-eabi/lib/thumb/v7-m/nofp\libc_nano.a
LOAD C:/ST/STM32CubeIDE_1.13.2/STM32CubeIDE/plugins/com.st.stm32cube.ide.mcu.externaltools.gnu-tools-for-stm32.11.3.rel1.win32_1.1.1.202309131626/tools/bin/../lib/gcc/arm-none-eabi/11.3.1/../../../../arm-none-eabi/lib/thumb/v7-m/nofp\libm.a
END GROUP
START GROUP
LOAD C:/ST/STM32CubeIDE_1.13.2/STM32CubeIDE/plugins/com.st.stm32cube.ide.mcu.externaltools.gnu-tools-for-stm32.11.3.rel1.win32_1.1.1.202309131626/tools/bin/../lib/gcc/arm-none-eabi/11.3.1/thumb/v7-m/nofp\libgcc.a
LOAD C:/ST/STM32CubeIDE_1.13.2/STM32CubeIDE/plugins/com.st.stm32cube.ide.mcu.externaltools.gnu-tools-for-stm32.11.3.rel1.win32_1.1.1.202309131626/tools/bin/../lib/gcc/arm-none-eabi/11.3.1/../../../../arm-none-eabi/lib/thumb/v7-m/nofp\libc_nano.a
END GROUP
START GROUP
LOAD C:/ST/STM32CubeIDE_1.13.2/STM32CubeIDE/plugins/com.st.stm32cube.ide.mcu.externaltools.gnu-tools-for-stm32.11.3.rel1.win32_1.1.1.202309131626/tools/bin/../lib/gcc/arm-none-eabi/11.3.1/thumb/v7-m/nofp\libgcc.a
LOAD C:/ST/STM32CubeIDE_1.13.2/STM32CubeIDE/plugins/com.st.stm32cube.ide.mcu.externaltools.gnu-tools-for-stm32.11.3.rel1.win32_1.1.1.202309131626/tools/bin/../lib/gcc/arm-none-eabi/11.3.1/../../../../arm-none-eabi/lib/thumb/v7-m/nofp\libc_nano.a
LOAD C:/ST/STM32CubeIDE_1.13.2/STM32CubeIDE/plugins/com.st.stm32cube.ide.mcu.externaltools.gnu-tools-for-stm32.11.3.rel1.win32_1.1.1.202309131626/tools/bin/../lib/gcc/arm-none-eabi/11.3.1/../../../../arm-none-eabi/lib/thumb/v7-m/nofp\libnosys.a
END GROUP
START GROUP
LOAD C:/ST/STM32CubeIDE_1.13.2/STM32CubeIDE/plugins/com.st.stm32cube.ide.mcu.externaltools.gnu-tools-for-stm32.11.3.rel1.win32_1.1.1.202309131626/tools/bin/../lib/gcc/arm-none-eabi/11.3.1/thumb/v7-m/nofp\libgcc.a
LOAD C:/ST/STM32CubeIDE_1.13.2/STM32CubeIDE/plugins/com.st.stm32cube.ide.mcu.externaltools.gnu-tools-for-stm32.11.3.rel1.win32_1.1.1.202309131626/tools/bin/../lib/gcc/arm-none-eabi/11.3.1/../../../../arm-none-eabi/lib/thumb/v7-m/nofp\libc_nano.a
LOAD C:/ST/STM32CubeIDE_1.13.2/STM32CubeIDE/plugins/com.st.stm32cube.ide.mcu.externaltools.gnu-tools-for-stm32.11.3.rel1.win32_1.1.1.202309131626/tools/bin/../lib/gcc/arm-none-eabi/11.3.1/../../../../arm-none-eabi/lib/thumb/v7-m/nofp\libnosys.a
END GROUP
LOAD C:/ST/STM32CubeIDE_1.13.2/STM32CubeIDE/plugins/com.st.stm32cube.ide.mcu.externaltools.gnu-tools-for-stm32.11.3.rel1.win32_1.1.1.202309131626/tools/bin/../lib/gcc/arm-none-eabi/11.3.1/thumb/v7-m/nofp/crtend.o
LOAD C:/ST/STM32CubeIDE_1.13.2/STM32CubeIDE/plugins/com.st.stm32cube.ide.mcu.externaltools.gnu-tools-for-stm32.11.3.rel1.win32_1.1.1.202309131626/tools/bin/../lib/gcc/arm-none-eabi/11.3.1/thumb/v7-m/nofp/crtn.o
                0x0000000020005000                _estack = (ORIGIN (RAM) + LENGTH (RAM))
                0x0000000000000200                _Min_Heap_Size = 0x200
                0x0000000000000400                _Min_Stack_Size = 0x400

.isr_vector     0x0000000008000000      0x130
                0x0000000008000000                . = ALIGN (0x4)
 *(.isr_vector)
 .isr_vector    0x0000000008000000      0x130 ./Startup/startup_stm32f103c8tx.o
                0x0000000008000000                g_pfnVectors
                0x0000000008000130                . = ALIGN (0x4)

.text           0x0000000008000130      0xa80
                0x0000000008000130                . = ALIGN (0x4)
 *(.text)
 .text          0x0000000008000130       0x40 C:/ST/STM32CubeIDE_1.13.2/STM32CubeIDE/plugins/com.st.stm32cube.ide.mcu.externaltools.gnu-tools-for-stm32.11.3.rel1.win32_1.1.1.202309131626/tools/bin/../lib/gcc/arm-none-eabi/11.3.1/thumb/v7-m/nofp/crtbegin.o
 *(.text*)
 .text.DIO_voidSetPinDirection
                0x0000000008000170      0x110 ./Src/DIO_prog.o
                0x0000000008000170                DIO_voidSetPinDirection
 .text.DIO_voidSetPinValue
                0x0000000008000280       0xf0 ./Src/DIO_prog.o
                0x0000000008000280                DIO_voidSetPinValue
 .text.LCD_PIN_DI
                0x0000000008000370       0x52 ./Src/LCD.o
                0x0000000008000370                LCD_PIN_DI
 *fill*         0x00000000080003c2        0x2 
 .text.LCD_init
                0x00000000080003c4       0x7c ./Src/LCD.o
                0x00000000080003c4                LCD_init
 .text.LCD_write_command
                0x0000000008000440      0x19c ./Src/LCD.o
                0x0000000008000440                LCD_write_command
 .text.LCD_write_data
                0x00000000080005dc      0x1a0 ./Src/LCD.o
                0x00000000080005dc                LCD_write_data
 .text.LCD_write_num
                0x000000000800077c       0xa4 ./Src/LCD.o
                0x000000000800077c                LCD_write_num
 .text.MRCC_voidInit
                0x0000000008000820       0x44 ./Src/RCC.o
                0x0000000008000820                MRCC_voidInit
 .text.MRCC_enumSetPeripheralClock
                0x0000000008000864      0x130 ./Src/RCC.o
                0x0000000008000864                MRCC_enumSetPeripheralClock
 .text.SYSTICK_Init
                0x0000000008000994       0x40 ./Src/Systick.o
                0x0000000008000994                SYSTICK_Init
 .text.SYSTICK_Start
                0x00000000080009d4       0x20 ./Src/Systick.o
                0x00000000080009d4                SYSTICK_Start
 .text.SYSTICK_Stop
                0x00000000080009f4       0x20 ./Src/Systick.o
                0x00000000080009f4                SYSTICK_Stop
 .text.SYSTICK_SetCallback
                0x0000000008000a14       0x20 ./Src/Systick.o
                0x0000000008000a14                SYSTICK_SetCallback
 .text.SYSTICK_SetTime_ms
                0x0000000008000a34       0x34 ./Src/Systick.o
                0x0000000008000a34                SYSTICK_SetTime_ms
 .text.SysTick_Handler
                0x0000000008000a68       0x1c ./Src/Systick.o
                0x0000000008000a68                SysTick_Handler
 .text.main     0x0000000008000a84       0x6c ./Src/main.o
                0x0000000008000a84                main
 .text.APP      0x0000000008000af0        0xc ./Src/main.o
                0x0000000008000af0                APP
 .text.Reset_Handler
                0x0000000008000afc       0x50 ./Startup/startup_stm32f103c8tx.o
                0x0000000008000afc                Reset_Handler
 .text.Default_Handler
                0x0000000008000b4c        0x2 ./Startup/startup_stm32f103c8tx.o
                0x0000000008000b4c                EXTI2_IRQHandler
                0x0000000008000b4c                TIM8_TRG_COM_IRQHandler
                0x0000000008000b4c                TIM8_CC_IRQHandler
                0x0000000008000b4c                DebugMon_Handler
                0x0000000008000b4c                TIM1_CC_IRQHandler
                0x0000000008000b4c                HardFault_Handler
                0x0000000008000b4c                TIM6_IRQHandler
                0x0000000008000b4c                PVD_IRQHandler
                0x0000000008000b4c                SDIO_IRQHandler
                0x0000000008000b4c                PendSV_Handler
                0x0000000008000b4c                NMI_Handler
                0x0000000008000b4c                EXTI3_IRQHandler
                0x0000000008000b4c                USB_HP_CAN_TX_IRQHandler
                0x0000000008000b4c                EXTI0_IRQHandler
                0x0000000008000b4c                I2C2_EV_IRQHandler
                0x0000000008000b4c                UsageFault_Handler
                0x0000000008000b4c                ADC1_2_IRQHandler
                0x0000000008000b4c                SPI1_IRQHandler
                0x0000000008000b4c                CAN_SCE_IRQHandler
                0x0000000008000b4c                TAMPER_IRQHandler
                0x0000000008000b4c                TIM8_UP_IRQHandler
                0x0000000008000b4c                DMA2_Channel2_IRQHandler
                0x0000000008000b4c                DMA1_Channel4_IRQHandler
                0x0000000008000b4c                USART3_IRQHandler
                0x0000000008000b4c                RTC_IRQHandler
                0x0000000008000b4c                DMA1_Channel7_IRQHandler
                0x0000000008000b4c                UART5_IRQHandler
                0x0000000008000b4c                ADC3_IRQHandler
                0x0000000008000b4c                TIM4_IRQHandler
                0x0000000008000b4c                CAN_RX1_IRQHandler
                0x0000000008000b4c                DMA2_Channel1_IRQHandler
                0x0000000008000b4c                I2C1_EV_IRQHandler
                0x0000000008000b4c                DMA1_Channel6_IRQHandler
                0x0000000008000b4c                UART4_IRQHandler
                0x0000000008000b4c                TIM3_IRQHandler
                0x0000000008000b4c                RCC_IRQHandler
                0x0000000008000b4c                TIM1_TRG_COM_IRQHandler
                0x0000000008000b4c                DMA1_Channel1_IRQHandler
                0x0000000008000b4c                Default_Handler
                0x0000000008000b4c                EXTI15_10_IRQHandler
                0x0000000008000b4c                TIM7_IRQHandler
                0x0000000008000b4c                TIM5_IRQHandler
                0x0000000008000b4c                EXTI9_5_IRQHandler
                0x0000000008000b4c                SPI2_IRQHandler
                0x0000000008000b4c                USB_LP_CAN_RX0_IRQHandler
                0x0000000008000b4c                MemManage_Handler
                0x0000000008000b4c                SVC_Handler
                0x0000000008000b4c                DMA1_Channel5_IRQHandler
                0x0000000008000b4c                EXTI4_IRQHandler
                0x0000000008000b4c                DMA1_Channel3_IRQHandler
                0x0000000008000b4c                FSMC_IRQHandler
                0x0000000008000b4c                TIM1_UP_IRQHandler
                0x0000000008000b4c                WWDG_IRQHandler
                0x0000000008000b4c                TIM2_IRQHandler
                0x0000000008000b4c                TIM1_BRK_IRQHandler
                0x0000000008000b4c                EXTI1_IRQHandler
                0x0000000008000b4c                RTCAlarm_IRQHandler
                0x0000000008000b4c                DMA2_Channel4_5_IRQHandler
                0x0000000008000b4c                USART2_IRQHandler
                0x0000000008000b4c                I2C2_ER_IRQHandler
                0x0000000008000b4c                DMA1_Channel2_IRQHandler
                0x0000000008000b4c                TIM8_BRK_IRQHandler
                0x0000000008000b4c                FLASH_IRQHandler
                0x0000000008000b4c                BusFault_Handler
                0x0000000008000b4c                USART1_IRQHandler
                0x0000000008000b4c                SPI3_IRQHandler
                0x0000000008000b4c                I2C1_ER_IRQHandler
                0x0000000008000b4c                DMA2_Channel3_IRQHandler
 *fill*         0x0000000008000b4e        0x2 
 .text.__libc_init_array
                0x0000000008000b50       0x48 C:/ST/STM32CubeIDE_1.13.2/STM32CubeIDE/plugins/com.st.stm32cube.ide.mcu.externaltools.gnu-tools-for-stm32.11.3.rel1.win32_1.1.1.202309131626/tools/bin/../lib/gcc/arm-none-eabi/11.3.1/../../../../arm-none-eabi/lib/thumb/v7-m/nofp\libc_nano.a(libc_a-init.o)
                0x0000000008000b50                __libc_init_array
 *(.glue_7)
 .glue_7        0x0000000008000b98        0x0 linker stubs
 *(.glue_7t)
 .glue_7t       0x0000000008000b98        0x0 linker stubs
 *(.eh_frame)
 .eh_frame      0x0000000008000b98        0x0 C:/ST/STM32CubeIDE_1.13.2/STM32CubeIDE/plugins/com.st.stm32cube.ide.mcu.externaltools.gnu-tools-for-stm32.11.3.rel1.win32_1.1.1.202309131626/tools/bin/../lib/gcc/arm-none-eabi/11.3.1/thumb/v7-m/nofp/crtbegin.o
 *(.init)
 .init          0x0000000008000b98        0x4 C:/ST/STM32CubeIDE_1.13.2/STM32CubeIDE/plugins/com.st.stm32cube.ide.mcu.externaltools.gnu-tools-for-stm32.11.3.rel1.win32_1.1.1.202309131626/tools/bin/../lib/gcc/arm-none-eabi/11.3.1/thumb/v7-m/nofp/crti.o
                0x0000000008000b98                _init
 .init          0x0000000008000b9c        0x8 C:/ST/STM32CubeIDE_1.13.2/STM32CubeIDE/plugins/com.st.stm32cube.ide.mcu.externaltools.gnu-tools-for-stm32.11.3.rel1.win32_1.1.1.202309131626/tools/bin/../lib/gcc/arm-none-eabi/11.3.1/thumb/v7-m/nofp/crtn.o
 *(.fini)
 .fini          0x0000000008000ba4        0x4 C:/ST/STM32CubeIDE_1.13.2/STM32CubeIDE/plugins/com.st.stm32cube.ide.mcu.externaltools.gnu-tools-for-stm32.11.3.rel1.win32_1.1.1.202309131626/tools/bin/../lib/gcc/arm-none-eabi/11.3.1/thumb/v7-m/nofp/crti.o
                0x0000000008000ba4                _fini
 .fini          0x0000000008000ba8        0x8 C:/ST/STM32CubeIDE_1.13.2/STM32CubeIDE/plugins/com.st.stm32cube.ide.mcu.externaltools.gnu-tools-for-stm32.11.3.rel1.win32_1.1.1.202309131626/tools/bin/../lib/gcc/arm-none-eabi/11.3.1/thumb/v7-m/nofp/crtn.o
                0x0000000008000bb0                . = ALIGN (0x4)
                0x0000000008000bb0                _etext = .

.vfp11_veneer   0x0000000008000bb0        0x0
 .vfp11_veneer  0x0000000008000bb0        0x0 linker stubs

.v4_bx          0x0000000008000bb0        0x0
 .v4_bx         0x0000000008000bb0        0x0 linker stubs

.iplt           0x0000000008000bb0        0x0
 .iplt          0x0000000008000bb0        0x0 C:/ST/STM32CubeIDE_1.13.2/STM32CubeIDE/plugins/com.st.stm32cube.ide.mcu.externaltools.gnu-tools-for-stm32.11.3.rel1.win32_1.1.1.202309131626/tools/bin/../lib/gcc/arm-none-eabi/11.3.1/thumb/v7-m/nofp/crtbegin.o

.rel.dyn        0x0000000008000bb0        0x0
 .rel.iplt      0x0000000008000bb0        0x0 C:/ST/STM32CubeIDE_1.13.2/STM32CubeIDE/plugins/com.st.stm32cube.ide.mcu.externaltools.gnu-tools-for-stm32.11.3.rel1.win32_1.1.1.202309131626/tools/bin/../lib/gcc/arm-none-eabi/11.3.1/thumb/v7-m/nofp/crtbegin.o

.rodata         0x0000000008000bb0        0x0
                0x0000000008000bb0                . = ALIGN (0x4)
 *(.rodata)
 *(.rodata*)
                0x0000000008000bb0                . = ALIGN (0x4)

.ARM.extab      0x0000000008000bb0        0x0
                0x0000000008000bb0                . = ALIGN (0x4)
 *(.ARM.extab* .gnu.linkonce.armextab.*)
                0x0000000008000bb0                . = ALIGN (0x4)

.ARM            0x0000000008000bb0        0x0
                0x0000000008000bb0                . = ALIGN (0x4)
                0x0000000008000bb0                __exidx_start = .
 *(.ARM.exidx*)
                0x0000000008000bb0                __exidx_end = .
                0x0000000008000bb0                . = ALIGN (0x4)

.preinit_array  0x0000000008000bb0        0x0
                0x0000000008000bb0                . = ALIGN (0x4)
                0x0000000008000bb0                PROVIDE (__preinit_array_start = .)
 *(.preinit_array*)
                0x0000000008000bb0                PROVIDE (__preinit_array_end = .)
                0x0000000008000bb0                . = ALIGN (0x4)

.init_array     0x0000000008000bb0        0x4
                0x0000000008000bb0                . = ALIGN (0x4)
                0x0000000008000bb0                PROVIDE (__init_array_start = .)
 *(SORT_BY_NAME(.init_array.*))
 *(.init_array*)
 .init_array    0x0000000008000bb0        0x4 C:/ST/STM32CubeIDE_1.13.2/STM32CubeIDE/plugins/com.st.stm32cube.ide.mcu.externaltools.gnu-tools-for-stm32.11.3.rel1.win32_1.1.1.202309131626/tools/bin/../lib/gcc/arm-none-eabi/11.3.1/thumb/v7-m/nofp/crtbegin.o
                0x0000000008000bb4                PROVIDE (__init_array_end = .)
                0x0000000008000bb4                . = ALIGN (0x4)

.fini_array     0x0000000008000bb4        0x4
                0x0000000008000bb4                . = ALIGN (0x4)
                [!provide]                        PROVIDE (__fini_array_start = .)
 *(SORT_BY_NAME(.fini_array.*))
 *(.fini_array*)
 .fini_array    0x0000000008000bb4        0x4 C:/ST/STM32CubeIDE_1.13.2/STM32CubeIDE/plugins/com.st.stm32cube.ide.mcu.externaltools.gnu-tools-for-stm32.11.3.rel1.win32_1.1.1.202309131626/tools/bin/../lib/gcc/arm-none-eabi/11.3.1/thumb/v7-m/nofp/crtbegin.o
                [!provide]                        PROVIDE (__fini_array_end = .)
                0x0000000008000bb8                . = ALIGN (0x4)
                0x0000000008000bb8                _sidata = LOADADDR (.data)

.data           0x0000000020000000        0x0 load address 0x0000000008000bb8
                0x0000000020000000                . = ALIGN (0x4)
                0x0000000020000000                _sdata = .
 *(.data)
 *(.data*)
 *(.RamFunc)
 *(.RamFunc*)
                0x0000000020000000                . = ALIGN (0x4)
                0x0000000020000000                _edata = .

.igot.plt       0x0000000020000000        0x0 load address 0x0000000008000bb8
 .igot.plt      0x0000000020000000        0x0 C:/ST/STM32CubeIDE_1.13.2/STM32CubeIDE/plugins/com.st.stm32cube.ide.mcu.externaltools.gnu-tools-for-stm32.11.3.rel1.win32_1.1.1.202309131626/tools/bin/../lib/gcc/arm-none-eabi/11.3.1/thumb/v7-m/nofp/crtbegin.o
                0x0000000020000000                . = ALIGN (0x4)

.bss            0x0000000020000000       0x20 load address 0x0000000008000bb8
                0x0000000020000000                _sbss = .
                0x0000000020000000                __bss_start__ = _sbss
 *(.bss)
 .bss           0x0000000020000000       0x1c C:/ST/STM32CubeIDE_1.13.2/STM32CubeIDE/plugins/com.st.stm32cube.ide.mcu.externaltools.gnu-tools-for-stm32.11.3.rel1.win32_1.1.1.202309131626/tools/bin/../lib/gcc/arm-none-eabi/11.3.1/thumb/v7-m/nofp/crtbegin.o
 *(.bss*)
 .bss.APPcbf    0x000000002000001c        0x4 ./Src/Systick.o
                0x000000002000001c                APPcbf
 *(COMMON)
                0x0000000020000020                . = ALIGN (0x4)
                0x0000000020000020                _ebss = .
                0x0000000020000020                __bss_end__ = _ebss

._user_heap_stack
                0x0000000020000020      0x600 load address 0x0000000008000bb8
                0x0000000020000020                . = ALIGN (0x8)
                [!provide]                        PROVIDE (end = .)
                0x0000000020000020                PROVIDE (_end = .)
                0x0000000020000220                . = (. + _Min_Heap_Size)
 *fill*         0x0000000020000020      0x200 
                0x0000000020000620                . = (. + _Min_Stack_Size)
 *fill*         0x0000000020000220      0x400 
                0x0000000020000620                . = ALIGN (0x8)

/DISCARD/
 libc.a(*)
 libm.a(*)
 libgcc.a(*)

.ARM.attributes
                0x0000000000000000       0x29
 *(.ARM.attributes)
 .ARM.attributes
                0x0000000000000000       0x1d C:/ST/STM32CubeIDE_1.13.2/STM32CubeIDE/plugins/com.st.stm32cube.ide.mcu.externaltools.gnu-tools-for-stm32.11.3.rel1.win32_1.1.1.202309131626/tools/bin/../lib/gcc/arm-none-eabi/11.3.1/thumb/v7-m/nofp/crti.o
 .ARM.attributes
                0x000000000000001d       0x2d C:/ST/STM32CubeIDE_1.13.2/STM32CubeIDE/plugins/com.st.stm32cube.ide.mcu.externaltools.gnu-tools-for-stm32.11.3.rel1.win32_1.1.1.202309131626/tools/bin/../lib/gcc/arm-none-eabi/11.3.1/thumb/v7-m/nofp/crtbegin.o
 .ARM.attributes
                0x000000000000004a       0x2d ./Src/DIO_prog.o
 .ARM.attributes
                0x0000000000000077       0x2d ./Src/LCD.o
 .ARM.attributes
                0x00000000000000a4       0x2d ./Src/RCC.o
 .ARM.attributes
                0x00000000000000d1       0x2d ./Src/Systick.o
 .ARM.attributes
                0x00000000000000fe       0x2d ./Src/main.o
 .ARM.attributes
                0x000000000000012b       0x21 ./Startup/startup_stm32f103c8tx.o
 .ARM.attributes
                0x000000000000014c       0x2d C:/ST/STM32CubeIDE_1.13.2/STM32CubeIDE/plugins/com.st.stm32cube.ide.mcu.externaltools.gnu-tools-for-stm32.11.3.rel1.win32_1.1.1.202309131626/tools/bin/../lib/gcc/arm-none-eabi/11.3.1/../../../../arm-none-eabi/lib/thumb/v7-m/nofp\libc_nano.a(libc_a-init.o)
 .ARM.attributes
                0x0000000000000179       0x1d C:/ST/STM32CubeIDE_1.13.2/STM32CubeIDE/plugins/com.st.stm32cube.ide.mcu.externaltools.gnu-tools-for-stm32.11.3.rel1.win32_1.1.1.202309131626/tools/bin/../lib/gcc/arm-none-eabi/11.3.1/thumb/v7-m/nofp/crtn.o
OUTPUT(GPIO.elf elf32-littlearm)
LOAD linker stubs
LOAD C:/ST/STM32CubeIDE_1.13.2/STM32CubeIDE/plugins/com.st.stm32cube.ide.mcu.externaltools.gnu-tools-for-stm32.11.3.rel1.win32_1.1.1.202309131626/tools/bin/../lib/gcc/arm-none-eabi/11.3.1/../../../../arm-none-eabi/lib/thumb/v7-m/nofp\libc.a
LOAD C:/ST/STM32CubeIDE_1.13.2/STM32CubeIDE/plugins/com.st.stm32cube.ide.mcu.externaltools.gnu-tools-for-stm32.11.3.rel1.win32_1.1.1.202309131626/tools/bin/../lib/gcc/arm-none-eabi/11.3.1/../../../../arm-none-eabi/lib/thumb/v7-m/nofp\libm.a
LOAD C:/ST/STM32CubeIDE_1.13.2/STM32CubeIDE/plugins/com.st.stm32cube.ide.mcu.externaltools.gnu-tools-for-stm32.11.3.rel1.win32_1.1.1.202309131626/tools/bin/../lib/gcc/arm-none-eabi/11.3.1/thumb/v7-m/nofp\libgcc.a

.comment        0x0000000000000000       0x43
 .comment       0x0000000000000000       0x43 C:/ST/STM32CubeIDE_1.13.2/STM32CubeIDE/plugins/com.st.stm32cube.ide.mcu.externaltools.gnu-tools-for-stm32.11.3.rel1.win32_1.1.1.202309131626/tools/bin/../lib/gcc/arm-none-eabi/11.3.1/thumb/v7-m/nofp/crtbegin.o
                                         0x44 (size before relaxing)
 .comment       0x0000000000000043       0x44 ./Src/DIO_prog.o
 .comment       0x0000000000000043       0x44 ./Src/LCD.o
 .comment       0x0000000000000043       0x44 ./Src/RCC.o
 .comment       0x0000000000000043       0x44 ./Src/Systick.o
 .comment       0x0000000000000043       0x44 ./Src/main.o

.debug_info     0x0000000000000000      0x9aa
 .debug_info    0x0000000000000000      0x1d6 ./Src/DIO_prog.o
 .debug_info    0x00000000000001d6      0x304 ./Src/LCD.o
 .debug_info    0x00000000000004da      0x19a ./Src/RCC.o
 .debug_info    0x0000000000000674      0x1a8 ./Src/Systick.o
 .debug_info    0x000000000000081c      0x16b ./Src/main.o
 .debug_info    0x0000000000000987       0x23 ./Startup/startup_stm32f103c8tx.o

.debug_abbrev   0x0000000000000000      0x53e
 .debug_abbrev  0x0000000000000000       0xb8 ./Src/DIO_prog.o
 .debug_abbrev  0x00000000000000b8      0x17c ./Src/LCD.o
 .debug_abbrev  0x0000000000000234       0xf2 ./Src/RCC.o
 .debug_abbrev  0x0000000000000326       0xf7 ./Src/Systick.o
 .debug_abbrev  0x000000000000041d      0x10f ./Src/main.o
 .debug_abbrev  0x000000000000052c       0x12 ./Startup/startup_stm32f103c8tx.o

.debug_aranges  0x0000000000000000      0x158
 .debug_aranges
                0x0000000000000000       0x48 ./Src/DIO_prog.o
 .debug_aranges
                0x0000000000000048       0x48 ./Src/LCD.o
 .debug_aranges
                0x0000000000000090       0x28 ./Src/RCC.o
 .debug_aranges
                0x00000000000000b8       0x50 ./Src/Systick.o
 .debug_aranges
                0x0000000000000108       0x28 ./Src/main.o
 .debug_aranges
                0x0000000000000130       0x28 ./Startup/startup_stm32f103c8tx.o

.debug_rnglists
                0x0000000000000000       0xeb
 .debug_rnglists
                0x0000000000000000       0x34 ./Src/DIO_prog.o
 .debug_rnglists
                0x0000000000000034       0x34 ./Src/LCD.o
 .debug_rnglists
                0x0000000000000068       0x1a ./Src/RCC.o
 .debug_rnglists
                0x0000000000000082       0x37 ./Src/Systick.o
 .debug_rnglists
                0x00000000000000b9       0x19 ./Src/main.o
 .debug_rnglists
                0x00000000000000d2       0x19 ./Startup/startup_stm32f103c8tx.o

.debug_macro    0x0000000000000000     0x15c9
 .debug_macro   0x0000000000000000       0x42 ./Src/DIO_prog.o
 .debug_macro   0x0000000000000042      0xaa2 ./Src/DIO_prog.o
 .debug_macro   0x0000000000000ae4       0x22 ./Src/DIO_prog.o
 .debug_macro   0x0000000000000b06       0x94 ./Src/DIO_prog.o
 .debug_macro   0x0000000000000b9a       0xf4 ./Src/DIO_prog.o
 .debug_macro   0x0000000000000c8e       0x69 ./Src/LCD.o
 .debug_macro   0x0000000000000cf7       0x10 ./Src/LCD.o
 .debug_macro   0x0000000000000d07       0xfa ./Src/LCD.o
 .debug_macro   0x0000000000000e01       0x28 ./Src/LCD.o
 .debug_macro   0x0000000000000e29       0x4c ./Src/RCC.o
 .debug_macro   0x0000000000000e75       0xfa ./Src/RCC.o
 .debug_macro   0x0000000000000f6f       0x40 ./Src/RCC.o
 .debug_macro   0x0000000000000faf       0x5d ./Src/Systick.o
 .debug_macro   0x000000000000100c       0x1c ./Src/Systick.o
 .debug_macro   0x0000000000001028       0x16 ./Src/Systick.o
 .debug_macro   0x000000000000103e       0x3a ./Src/Systick.o
 .debug_macro   0x0000000000001078       0xd6 ./Src/main.o
 .debug_macro   0x000000000000114e       0x22 ./Src/main.o
 .debug_macro   0x0000000000001170       0x8e ./Src/main.o
 .debug_macro   0x00000000000011fe       0x51 ./Src/main.o
 .debug_macro   0x000000000000124f      0x103 ./Src/main.o
 .debug_macro   0x0000000000001352       0x6a ./Src/main.o
 .debug_macro   0x00000000000013bc      0x1df ./Src/main.o
 .debug_macro   0x000000000000159b       0x2e ./Src/main.o

.debug_line     0x0000000000000000      0xde3
 .debug_line    0x0000000000000000      0x33a ./Src/DIO_prog.o
 .debug_line    0x000000000000033a      0x2ee ./Src/LCD.o
 .debug_line    0x0000000000000628      0x10f ./Src/RCC.o
 .debug_line    0x0000000000000737      0x16b ./Src/Systick.o
 .debug_line    0x00000000000008a2      0x4c6 ./Src/main.o
 .debug_line    0x0000000000000d68       0x7b ./Startup/startup_stm32f103c8tx.o

.debug_str      0x0000000000000000     0x4d49
 .debug_str     0x0000000000000000     0x351f ./Src/DIO_prog.o
                                       0x35a6 (size before relaxing)
 .debug_str     0x000000000000351f      0x673 ./Src/LCD.o
                                       0x3baa (size before relaxing)
 .debug_str     0x0000000000003b92      0x15f ./Src/RCC.o
                                       0x328d (size before relaxing)
 .debug_str     0x0000000000003cf1      0x259 ./Src/Systick.o
                                       0x337e (size before relaxing)
 .debug_str     0x0000000000003f4a      0xdd0 ./Src/main.o
                                       0x4b15 (size before relaxing)
 .debug_str     0x0000000000004d1a       0x2f ./Startup/startup_stm32f103c8tx.o
                                         0x51 (size before relaxing)

.debug_frame    0x0000000000000000      0x3a8
 .debug_frame   0x0000000000000000      0x100 ./Src/DIO_prog.o
 .debug_frame   0x0000000000000100       0xd8 ./Src/LCD.o
 .debug_frame   0x00000000000001d8       0x58 ./Src/RCC.o
 .debug_frame   0x0000000000000230      0x104 ./Src/Systick.o
 .debug_frame   0x0000000000000334       0x48 ./Src/main.o
 .debug_frame   0x000000000000037c       0x2c C:/ST/STM32CubeIDE_1.13.2/STM32CubeIDE/plugins/com.st.stm32cube.ide.mcu.externaltools.gnu-tools-for-stm32.11.3.rel1.win32_1.1.1.202309131626/tools/bin/../lib/gcc/arm-none-eabi/11.3.1/../../../../arm-none-eabi/lib/thumb/v7-m/nofp\libc_nano.a(libc_a-init.o)

.debug_line_str
                0x0000000000000000       0x45
 .debug_line_str
                0x0000000000000000       0x45 ./Startup/startup_stm32f103c8tx.o
                                         0x5d (size before relaxing)
