Archive member included because of file (symbol)

c:/users/amit/documents/sdk_win_64/winavr/bin/../lib/gcc/avr/4.3.3/avr5\libgcc.a(_udivmodhi4.o)
                              ./RTOS/src/RTOS_KERNEL_program.o (__udivmodhi4)
c:/users/amit/documents/sdk_win_64/winavr/bin/../lib/gcc/avr/4.3.3/avr5\libgcc.a(_exit.o)
                              c:/users/amit/documents/sdk_win_64/winavr/bin/../lib/gcc/avr/4.3.3/../../../../avr/lib/avr5/crtm32.o (exit)
c:/users/amit/documents/sdk_win_64/winavr/bin/../lib/gcc/avr/4.3.3/avr5\libgcc.a(_clear_bss.o)
                              ./RTOS/src/RTOS_KERNEL_program.o (__do_clear_bss)

Memory Configuration

Name             Origin             Length             Attributes
text             0x00000000         0x00020000         xr
data             0x00800060         0x0000ffa0         rw !x
eeprom           0x00810000         0x00010000         rw !x
fuse             0x00820000         0x00000400         rw !x
lock             0x00830000         0x00000400         rw !x
signature        0x00840000         0x00000400         rw !x
*default*        0x00000000         0xffffffff

Linker script and memory map

LOAD c:/users/amit/documents/sdk_win_64/winavr/bin/../lib/gcc/avr/4.3.3/../../../../avr/lib/avr5/crtm32.o
LOAD ./RTOS/src/RTOS_KERNEL_program.o
LOAD ./RTOS/src/RTOS_TMR_program.o
LOAD ./MCAL/GI/src/GI_program.o
LOAD ./MCAL/DIO/src/DIO_program.o
LOAD ./main.o
LOAD c:/users/amit/documents/sdk_win_64/winavr/bin/../lib/gcc/avr/4.3.3/avr5\libgcc.a
LOAD c:/users/amit/documents/sdk_win_64/winavr/bin/../lib/gcc/avr/4.3.3/../../../../avr/lib/avr5\libc.a
LOAD c:/users/amit/documents/sdk_win_64/winavr/bin/../lib/gcc/avr/4.3.3/avr5\libgcc.a

.hash
 *(.hash)

.dynsym
 *(.dynsym)

.dynstr
 *(.dynstr)

.gnu.version
 *(.gnu.version)

.gnu.version_d
 *(.gnu.version_d)

.gnu.version_r
 *(.gnu.version_r)

.rel.init
 *(.rel.init)

.rela.init
 *(.rela.init)

.rel.text
 *(.rel.text)
 *(.rel.text.*)
 *(.rel.gnu.linkonce.t*)

.rela.text
 *(.rela.text)
 *(.rela.text.*)
 *(.rela.gnu.linkonce.t*)

.rel.fini
 *(.rel.fini)

.rela.fini
 *(.rela.fini)

.rel.rodata
 *(.rel.rodata)
 *(.rel.rodata.*)
 *(.rel.gnu.linkonce.r*)

.rela.rodata
 *(.rela.rodata)
 *(.rela.rodata.*)
 *(.rela.gnu.linkonce.r*)

.rel.data
 *(.rel.data)
 *(.rel.data.*)
 *(.rel.gnu.linkonce.d*)

.rela.data
 *(.rela.data)
 *(.rela.data.*)
 *(.rela.gnu.linkonce.d*)

.rel.ctors
 *(.rel.ctors)

.rela.ctors
 *(.rela.ctors)

.rel.dtors
 *(.rel.dtors)

.rela.dtors
 *(.rela.dtors)

.rel.got
 *(.rel.got)

.rela.got
 *(.rela.got)

.rel.bss
 *(.rel.bss)

.rela.bss
 *(.rela.bss)

.rel.plt
 *(.rel.plt)

.rela.plt
 *(.rela.plt)

.text           0x00000000      0xe4a
 *(.vectors)
 .vectors       0x00000000       0x54 c:/users/amit/documents/sdk_win_64/winavr/bin/../lib/gcc/avr/4.3.3/../../../../avr/lib/avr5/crtm32.o
                0x00000000                __vectors
                0x00000000                __vector_default
 *(.vectors)
 *(.progmem.gcc*)
 *(.progmem*)
                0x00000054                . = ALIGN (0x2)
                0x00000054                __trampolines_start = .
 *(.trampolines)
 .trampolines   0x00000054        0x0 linker stubs
 *(.trampolines*)
                0x00000054                __trampolines_end = .
 *(.jumptables)
 *(.jumptables*)
 *(.lowtext)
 *(.lowtext*)
                0x00000054                __ctors_start = .
 *(.ctors)
                0x00000054                __ctors_end = .
                0x00000054                __dtors_start = .
 *(.dtors)
                0x00000054                __dtors_end = .
 SORT(*)(.ctors)
 SORT(*)(.dtors)
 *(.init0)
 .init0         0x00000054        0x0 c:/users/amit/documents/sdk_win_64/winavr/bin/../lib/gcc/avr/4.3.3/../../../../avr/lib/avr5/crtm32.o
                0x00000054                __init
 *(.init0)
 *(.init1)
 *(.init1)
 *(.init2)
 .init2         0x00000054        0xc c:/users/amit/documents/sdk_win_64/winavr/bin/../lib/gcc/avr/4.3.3/../../../../avr/lib/avr5/crtm32.o
 *(.init2)
 *(.init3)
 *(.init3)
 *(.init4)
 .init4         0x00000060       0x10 c:/users/amit/documents/sdk_win_64/winavr/bin/../lib/gcc/avr/4.3.3/avr5\libgcc.a(_clear_bss.o)
                0x00000060                __do_clear_bss
 *(.init4)
 *(.init5)
 *(.init5)
 *(.init6)
 *(.init6)
 *(.init7)
 *(.init7)
 *(.init8)
 *(.init8)
 *(.init9)
 .init9         0x00000070        0x8 c:/users/amit/documents/sdk_win_64/winavr/bin/../lib/gcc/avr/4.3.3/../../../../avr/lib/avr5/crtm32.o
 *(.init9)
 *(.text)
 .text          0x00000078        0x4 c:/users/amit/documents/sdk_win_64/winavr/bin/../lib/gcc/avr/4.3.3/../../../../avr/lib/avr5/crtm32.o
                0x00000078                __vector_1
                0x00000078                __vector_12
                0x00000078                __bad_interrupt
                0x00000078                __vector_6
                0x00000078                __vector_3
                0x00000078                __vector_11
                0x00000078                __vector_13
                0x00000078                __vector_17
                0x00000078                __vector_19
                0x00000078                __vector_7
                0x00000078                __vector_5
                0x00000078                __vector_9
                0x00000078                __vector_2
                0x00000078                __vector_15
                0x00000078                __vector_8
                0x00000078                __vector_14
                0x00000078                __vector_10
                0x00000078                __vector_16
                0x00000078                __vector_18
                0x00000078                __vector_20
 .text          0x0000007c        0x0 ./RTOS/src/RTOS_KERNEL_program.o
 .text          0x0000007c        0x0 ./RTOS/src/RTOS_TMR_program.o
 .text          0x0000007c        0x0 ./MCAL/GI/src/GI_program.o
 .text          0x0000007c        0x0 ./MCAL/DIO/src/DIO_program.o
 .text          0x0000007c        0x0 ./main.o
 .text          0x0000007c        0x0 c:/users/amit/documents/sdk_win_64/winavr/bin/../lib/gcc/avr/4.3.3/avr5\libgcc.a(_udivmodhi4.o)
 .text          0x0000007c        0x0 c:/users/amit/documents/sdk_win_64/winavr/bin/../lib/gcc/avr/4.3.3/avr5\libgcc.a(_exit.o)
 .text          0x0000007c        0x0 c:/users/amit/documents/sdk_win_64/winavr/bin/../lib/gcc/avr/4.3.3/avr5\libgcc.a(_clear_bss.o)
                0x0000007c                . = ALIGN (0x2)
 *(.text.*)
 .text.RTOS_KERNEL_voidStartScheduling
                0x0000007c       0x28 ./RTOS/src/RTOS_KERNEL_program.o
                0x0000007c                RTOS_KERNEL_voidStartScheduling
 .text.RTOS_KERNEL_voidCreateTask
                0x000000a4       0x98 ./RTOS/src/RTOS_KERNEL_program.o
                0x000000a4                RTOS_KERNEL_voidCreateTask
 .text.private_voidScheduler
                0x0000013c       0x9a ./RTOS/src/RTOS_KERNEL_program.o
 .text.RTOS_TMR_voidInit
                0x000001d6       0x38 ./RTOS/src/RTOS_TMR_program.o
                0x000001d6                RTOS_TMR_voidInit
 .text.RTOS_TMR_voidStart
                0x0000020e       0x38 ./RTOS/src/RTOS_TMR_program.o
                0x0000020e                RTOS_TMR_voidStart
 .text.RTOS_TMR_voidStop
                0x00000246       0x38 ./RTOS/src/RTOS_TMR_program.o
                0x00000246                RTOS_TMR_voidStop
 .text.RTOS_TMR_voidSetCallBackCTC
                0x0000027e       0x2c ./RTOS/src/RTOS_TMR_program.o
                0x0000027e                RTOS_TMR_voidSetCallBackCTC
 .text.RTOS_TMR_voidSetCompareMatchValue
                0x000002aa       0x1c ./RTOS/src/RTOS_TMR_program.o
                0x000002aa                RTOS_TMR_voidSetCompareMatchValue
 .text.__vector_4
                0x000002c6       0x66 ./RTOS/src/RTOS_TMR_program.o
                0x000002c6                __vector_4
 .text.GI_voidEnable
                0x0000032c       0x1c ./MCAL/GI/src/GI_program.o
                0x0000032c                GI_voidEnable
 .text.GI_voidDisable
                0x00000348       0x1c ./MCAL/GI/src/GI_program.o
                0x00000348                GI_voidDisable
 .text.DIO_voidInit
                0x00000364       0x48 ./MCAL/DIO/src/DIO_program.o
                0x00000364                DIO_voidInit
 .text.DIO_voidSetPinDirection
                0x000003ac      0x1e4 ./MCAL/DIO/src/DIO_program.o
                0x000003ac                DIO_voidSetPinDirection
 .text.DIO_voidSetPinValue
                0x00000590      0x1c6 ./MCAL/DIO/src/DIO_program.o
                0x00000590                DIO_voidSetPinValue
 .text.DIO_voidGetPinValue
                0x00000756      0x108 ./MCAL/DIO/src/DIO_program.o
                0x00000756                DIO_voidGetPinValue
 .text.DIO_voidTogglePinValue
                0x0000085e       0xfa ./MCAL/DIO/src/DIO_program.o
                0x0000085e                DIO_voidTogglePinValue
 .text.DIO_voidActivePinInPullUpResistance
                0x00000958       0xfa ./MCAL/DIO/src/DIO_program.o
                0x00000958                DIO_voidActivePinInPullUpResistance
 .text.DIO_voidSetPortDirection
                0x00000a52       0xd0 ./MCAL/DIO/src/DIO_program.o
                0x00000a52                DIO_voidSetPortDirection
 .text.DIO_voidSetPortValue
                0x00000b22       0x88 ./MCAL/DIO/src/DIO_program.o
                0x00000b22                DIO_voidSetPortValue
 .text.DIO_voidGetPortValue
                0x00000baa       0xa8 ./MCAL/DIO/src/DIO_program.o
                0x00000baa                DIO_voidGetPortValue
 .text.DIO_voidTogglePortValue
                0x00000c52       0x9e ./MCAL/DIO/src/DIO_program.o
                0x00000c52                DIO_voidTogglePortValue
 .text.DIO_voidActivePortInPullUpResistance
                0x00000cf0       0x84 ./MCAL/DIO/src/DIO_program.o
                0x00000cf0                DIO_voidActivePortInPullUpResistance
 .text.main     0x00000d74       0x52 ./main.o
                0x00000d74                main
 .text.rLed     0x00000dc6       0x16 ./main.o
                0x00000dc6                rLed
 .text.gLed     0x00000ddc       0x16 ./main.o
                0x00000ddc                gLed
 .text.bLed     0x00000df2       0x16 ./main.o
                0x00000df2                bLed
 .text.yLed     0x00000e08       0x16 ./main.o
                0x00000e08                yLed
 .text.libgcc   0x00000e1e       0x28 c:/users/amit/documents/sdk_win_64/winavr/bin/../lib/gcc/avr/4.3.3/avr5\libgcc.a(_udivmodhi4.o)
                0x00000e1e                __udivmodhi4
 .text.libgcc   0x00000e46        0x0 c:/users/amit/documents/sdk_win_64/winavr/bin/../lib/gcc/avr/4.3.3/avr5\libgcc.a(_exit.o)
 .text.libgcc   0x00000e46        0x0 c:/users/amit/documents/sdk_win_64/winavr/bin/../lib/gcc/avr/4.3.3/avr5\libgcc.a(_clear_bss.o)
                0x00000e46                . = ALIGN (0x2)
 *(.fini9)
 .fini9         0x00000e46        0x0 c:/users/amit/documents/sdk_win_64/winavr/bin/../lib/gcc/avr/4.3.3/avr5\libgcc.a(_exit.o)
                0x00000e46                exit
                0x00000e46                _exit
 *(.fini9)
 *(.fini8)
 *(.fini8)
 *(.fini7)
 *(.fini7)
 *(.fini6)
 *(.fini6)
 *(.fini5)
 *(.fini5)
 *(.fini4)
 *(.fini4)
 *(.fini3)
 *(.fini3)
 *(.fini2)
 *(.fini2)
 *(.fini1)
 *(.fini1)
 *(.fini0)
 .fini0         0x00000e46        0x4 c:/users/amit/documents/sdk_win_64/winavr/bin/../lib/gcc/avr/4.3.3/avr5\libgcc.a(_exit.o)
 *(.fini0)
                0x00000e4a                _etext = .

.data           0x00800060        0x0 load address 0x00000e4a
                0x00800060                PROVIDE (__data_start, .)
 *(.data)
 .data          0x00800060        0x0 c:/users/amit/documents/sdk_win_64/winavr/bin/../lib/gcc/avr/4.3.3/../../../../avr/lib/avr5/crtm32.o
 .data          0x00800060        0x0 ./RTOS/src/RTOS_KERNEL_program.o
 .data          0x00800060        0x0 ./RTOS/src/RTOS_TMR_program.o
 .data          0x00800060        0x0 ./MCAL/GI/src/GI_program.o
 .data          0x00800060        0x0 ./MCAL/DIO/src/DIO_program.o
 .data          0x00800060        0x0 ./main.o
 .data          0x00800060        0x0 c:/users/amit/documents/sdk_win_64/winavr/bin/../lib/gcc/avr/4.3.3/avr5\libgcc.a(_udivmodhi4.o)
 .data          0x00800060        0x0 c:/users/amit/documents/sdk_win_64/winavr/bin/../lib/gcc/avr/4.3.3/avr5\libgcc.a(_exit.o)
 .data          0x00800060        0x0 c:/users/amit/documents/sdk_win_64/winavr/bin/../lib/gcc/avr/4.3.3/avr5\libgcc.a(_clear_bss.o)
 *(.data*)
 *(.rodata)
 *(.rodata*)
 *(.gnu.linkonce.d*)
                0x00800060                . = ALIGN (0x2)
                0x00800060                _edata = .
                0x00800060                PROVIDE (__data_end, .)

.bss            0x00800060       0x18
                0x00800060                PROVIDE (__bss_start, .)
 *(.bss)
 .bss           0x00800060        0x0 c:/users/amit/documents/sdk_win_64/winavr/bin/../lib/gcc/avr/4.3.3/../../../../avr/lib/avr5/crtm32.o
 .bss           0x00800060        0x0 ./RTOS/src/RTOS_KERNEL_program.o
 .bss           0x00800060        0x0 ./RTOS/src/RTOS_TMR_program.o
 .bss           0x00800060        0x0 ./MCAL/GI/src/GI_program.o
 .bss           0x00800060        0x0 ./MCAL/DIO/src/DIO_program.o
 .bss           0x00800060        0x0 ./main.o
 .bss           0x00800060        0x0 c:/users/amit/documents/sdk_win_64/winavr/bin/../lib/gcc/avr/4.3.3/avr5\libgcc.a(_udivmodhi4.o)
 .bss           0x00800060        0x0 c:/users/amit/documents/sdk_win_64/winavr/bin/../lib/gcc/avr/4.3.3/avr5\libgcc.a(_exit.o)
 .bss           0x00800060        0x0 c:/users/amit/documents/sdk_win_64/winavr/bin/../lib/gcc/avr/4.3.3/avr5\libgcc.a(_clear_bss.o)
 *(.bss*)
 .bss.Local_u16TickCount.1240
                0x00800060        0x2 ./RTOS/src/RTOS_KERNEL_program.o
 .bss.private_arrOfTasks
                0x00800062       0x14 ./RTOS/src/RTOS_KERNEL_program.o
 .bss.private_pCallBackCTC
                0x00800076        0x2 ./RTOS/src/RTOS_TMR_program.o
 *(COMMON)
                0x00800078                PROVIDE (__bss_end, .)
                0x00000e4a                __data_load_start = LOADADDR (.data)
                0x00000e4a                __data_load_end = (__data_load_start + SIZEOF (.data))

.noinit         0x00800078        0x0
                0x00800078                PROVIDE (__noinit_start, .)
 *(.noinit*)
                0x00800078                PROVIDE (__noinit_end, .)
                0x00800078                _end = .
                0x00800078                PROVIDE (__heap_start, .)

.eeprom         0x00810000        0x0
 *(.eeprom*)
                0x00810000                __eeprom_end = .

.fuse
 *(.fuse)
 *(.lfuse)
 *(.hfuse)
 *(.efuse)

.lock
 *(.lock*)

.signature
 *(.signature*)

.stab           0x00000000     0x1098
 *(.stab)
 .stab          0x00000000      0x33c ./RTOS/src/RTOS_KERNEL_program.o
 .stab          0x0000033c      0x288 ./RTOS/src/RTOS_TMR_program.o
                                0x300 (size before relaxing)
 .stab          0x000005c4      0x144 ./MCAL/GI/src/GI_program.o
                                0x1bc (size before relaxing)
 .stab          0x00000708      0x78c ./MCAL/DIO/src/DIO_program.o
                                0x804 (size before relaxing)
 .stab          0x00000e94      0x204 ./main.o
                                0x27c (size before relaxing)

.stabstr        0x00000000      0x918
 *(.stabstr)
 .stabstr       0x00000000      0x918 ./RTOS/src/RTOS_KERNEL_program.o

.stab.excl
 *(.stab.excl)

.stab.exclstr
 *(.stab.exclstr)

.stab.index
 *(.stab.index)

.stab.indexstr
 *(.stab.indexstr)

.comment
 *(.comment)

.debug
 *(.debug)

.line
 *(.line)

.debug_srcinfo
 *(.debug_srcinfo)

.debug_sfnames
 *(.debug_sfnames)

.debug_aranges
 *(.debug_aranges)

.debug_pubnames
 *(.debug_pubnames)

.debug_info
 *(.debug_info)
 *(.gnu.linkonce.wi.*)

.debug_abbrev
 *(.debug_abbrev)

.debug_line
 *(.debug_line)

.debug_frame
 *(.debug_frame)

.debug_str
 *(.debug_str)

.debug_loc
 *(.debug_loc)

.debug_macinfo
 *(.debug_macinfo)
OUTPUT(RTOS_test.elf elf32-avr)
LOAD linker stubs
