Archive member included to satisfy reference by file (symbol)

C:/ST/STM32CubeIDE_1.13.2/STM32CubeIDE/plugins/com.st.stm32cube.ide.mcu.externaltools.gnu-tools-for-stm32.11.3.rel1.win32_1.1.1.202309131626/tools/bin/../lib/gcc/arm-none-eabi/11.3.1/../../../../arm-none-eabi/lib/thumb/v7-m/nofp\libc_nano.a(libc_a-exit.o)
                              C:/ST/STM32CubeIDE_1.13.2/STM32CubeIDE/plugins/com.st.stm32cube.ide.mcu.externaltools.gnu-tools-for-stm32.11.3.rel1.win32_1.1.1.202309131626/tools/bin/../lib/gcc/arm-none-eabi/11.3.1/../../../../arm-none-eabi/lib/thumb/v7-m/nofp/crt0.o (exit)
C:/ST/STM32CubeIDE_1.13.2/STM32CubeIDE/plugins/com.st.stm32cube.ide.mcu.externaltools.gnu-tools-for-stm32.11.3.rel1.win32_1.1.1.202309131626/tools/bin/../lib/gcc/arm-none-eabi/11.3.1/../../../../arm-none-eabi/lib/thumb/v7-m/nofp\libc_nano.a(libc_a-findfp.o)
                              C:/ST/STM32CubeIDE_1.13.2/STM32CubeIDE/plugins/com.st.stm32cube.ide.mcu.externaltools.gnu-tools-for-stm32.11.3.rel1.win32_1.1.1.202309131626/tools/bin/../lib/gcc/arm-none-eabi/11.3.1/../../../../arm-none-eabi/lib/thumb/v7-m/nofp\libc_nano.a(libc_a-exit.o) (__stdio_exit_handler)
C:/ST/STM32CubeIDE_1.13.2/STM32CubeIDE/plugins/com.st.stm32cube.ide.mcu.externaltools.gnu-tools-for-stm32.11.3.rel1.win32_1.1.1.202309131626/tools/bin/../lib/gcc/arm-none-eabi/11.3.1/../../../../arm-none-eabi/lib/thumb/v7-m/nofp\libc_nano.a(libc_a-fwalk.o)
                              C:/ST/STM32CubeIDE_1.13.2/STM32CubeIDE/plugins/com.st.stm32cube.ide.mcu.externaltools.gnu-tools-for-stm32.11.3.rel1.win32_1.1.1.202309131626/tools/bin/../lib/gcc/arm-none-eabi/11.3.1/../../../../arm-none-eabi/lib/thumb/v7-m/nofp\libc_nano.a(libc_a-findfp.o) (_fwalk_sglue)
C:/ST/STM32CubeIDE_1.13.2/STM32CubeIDE/plugins/com.st.stm32cube.ide.mcu.externaltools.gnu-tools-for-stm32.11.3.rel1.win32_1.1.1.202309131626/tools/bin/../lib/gcc/arm-none-eabi/11.3.1/../../../../arm-none-eabi/lib/thumb/v7-m/nofp\libc_nano.a(libc_a-stdio.o)
                              C:/ST/STM32CubeIDE_1.13.2/STM32CubeIDE/plugins/com.st.stm32cube.ide.mcu.externaltools.gnu-tools-for-stm32.11.3.rel1.win32_1.1.1.202309131626/tools/bin/../lib/gcc/arm-none-eabi/11.3.1/../../../../arm-none-eabi/lib/thumb/v7-m/nofp\libc_nano.a(libc_a-findfp.o) (__sread)
C:/ST/STM32CubeIDE_1.13.2/STM32CubeIDE/plugins/com.st.stm32cube.ide.mcu.externaltools.gnu-tools-for-stm32.11.3.rel1.win32_1.1.1.202309131626/tools/bin/../lib/gcc/arm-none-eabi/11.3.1/../../../../arm-none-eabi/lib/thumb/v7-m/nofp\libc_nano.a(libc_a-memset.o)
                              C:/ST/STM32CubeIDE_1.13.2/STM32CubeIDE/plugins/com.st.stm32cube.ide.mcu.externaltools.gnu-tools-for-stm32.11.3.rel1.win32_1.1.1.202309131626/tools/bin/../lib/gcc/arm-none-eabi/11.3.1/../../../../arm-none-eabi/lib/thumb/v7-m/nofp/crt0.o (memset)
C:/ST/STM32CubeIDE_1.13.2/STM32CubeIDE/plugins/com.st.stm32cube.ide.mcu.externaltools.gnu-tools-for-stm32.11.3.rel1.win32_1.1.1.202309131626/tools/bin/../lib/gcc/arm-none-eabi/11.3.1/../../../../arm-none-eabi/lib/thumb/v7-m/nofp\libc_nano.a(libc_a-closer.o)
                              C:/ST/STM32CubeIDE_1.13.2/STM32CubeIDE/plugins/com.st.stm32cube.ide.mcu.externaltools.gnu-tools-for-stm32.11.3.rel1.win32_1.1.1.202309131626/tools/bin/../lib/gcc/arm-none-eabi/11.3.1/../../../../arm-none-eabi/lib/thumb/v7-m/nofp\libc_nano.a(libc_a-stdio.o) (_close_r)
C:/ST/STM32CubeIDE_1.13.2/STM32CubeIDE/plugins/com.st.stm32cube.ide.mcu.externaltools.gnu-tools-for-stm32.11.3.rel1.win32_1.1.1.202309131626/tools/bin/../lib/gcc/arm-none-eabi/11.3.1/../../../../arm-none-eabi/lib/thumb/v7-m/nofp\libc_nano.a(libc_a-reent.o)
                              C:/ST/STM32CubeIDE_1.13.2/STM32CubeIDE/plugins/com.st.stm32cube.ide.mcu.externaltools.gnu-tools-for-stm32.11.3.rel1.win32_1.1.1.202309131626/tools/bin/../lib/gcc/arm-none-eabi/11.3.1/../../../../arm-none-eabi/lib/thumb/v7-m/nofp\libc_nano.a(libc_a-closer.o) (errno)
C:/ST/STM32CubeIDE_1.13.2/STM32CubeIDE/plugins/com.st.stm32cube.ide.mcu.externaltools.gnu-tools-for-stm32.11.3.rel1.win32_1.1.1.202309131626/tools/bin/../lib/gcc/arm-none-eabi/11.3.1/../../../../arm-none-eabi/lib/thumb/v7-m/nofp\libc_nano.a(libc_a-impure.o)
                              C:/ST/STM32CubeIDE_1.13.2/STM32CubeIDE/plugins/com.st.stm32cube.ide.mcu.externaltools.gnu-tools-for-stm32.11.3.rel1.win32_1.1.1.202309131626/tools/bin/../lib/gcc/arm-none-eabi/11.3.1/../../../../arm-none-eabi/lib/thumb/v7-m/nofp\libc_nano.a(libc_a-reent.o) (_impure_ptr)
C:/ST/STM32CubeIDE_1.13.2/STM32CubeIDE/plugins/com.st.stm32cube.ide.mcu.externaltools.gnu-tools-for-stm32.11.3.rel1.win32_1.1.1.202309131626/tools/bin/../lib/gcc/arm-none-eabi/11.3.1/../../../../arm-none-eabi/lib/thumb/v7-m/nofp\libc_nano.a(libc_a-lseekr.o)
[...]
Memory Configuration

Name             Origin             Length             Attributes
RAM              0x0000000020000000 0x0000000000005000 xrw
FLASH            0x0000000008000000 0x0000000000010000 xr
*default*        0x0000000000000000 0xffffffffffffffff

Linker script and memory map

LOAD C:/ST/STM32CubeIDE_1.13.2/STM32CubeIDE/plugins/com.st.stm32cube.ide.mcu.externaltools.gnu-tools-for-stm32.11.3.rel1.win32_1.1.1.202309131626/tools/bin/../lib/gcc/arm-none-eabi/11.3.1/thumb/v7-m/nofp/crti.o
LOAD C:/ST/STM32CubeIDE_1.13.2/STM32CubeIDE/plugins/com.st.stm32cube.ide.mcu.externaltools.gnu-tools-for-stm32.11.3.rel1.win32_1.1.1.202309131626/tools/bin/../lib/gcc/arm-none-eabi/11.3.1/thumb/v7-m/nofp/crtbegin.o
LOAD C:/ST/STM32CubeIDE_1.13.2/STM32CubeIDE/plugins/com.st.stm32cube.ide.mcu.externaltools.gnu-tools-for-stm32.11.3.rel1.win32_1.1.1.202309131626/tools/bin/../lib/gcc/arm-none-eabi/11.3.1/../../../../arm-none-eabi/lib/thumb/v7-m/nofp/crt0.o
LOAD ./Core/Src/CAR.o
LOAD ./Core/Src/L298N.o
LOAD ./Core/Src/main.o
LOAD ./Core/Src/stm32f1xx_hal_msp.o
LOAD ./Core/Src/stm32f1xx_it.o
LOAD ./Core/Src/syscalls.o
LOAD ./Core/Src/sysmem.o
LOAD ./Core/Src/system_stm32f1xx.o
LOAD ./Core/Startup/startup_stm32f103c8tx.o
LOAD ./Drivers/STM32F1xx_HAL_Driver/Src/stm32f1xx_hal.o
LOAD ./Drivers/STM32F1xx_HAL_Driver/Src/stm32f1xx_hal_cortex.o
LOAD ./Drivers/STM32F1xx_HAL_Driver/Src/stm32f1xx_hal_dma.o
LOAD ./Drivers/STM32F1xx_HAL_Driver/Src/stm32f1xx_hal_exti.o
LOAD ./Drivers/STM32F1xx_HAL_Driver/Src/stm32f1xx_hal_flash.o
LOAD ./Drivers/STM32F1xx_HAL_Driver/Src/stm32f1xx_hal_flash_ex.o
LOAD ./Drivers/STM32F1xx_HAL_Driver/Src/stm32f1xx_hal_gpio.o
LOAD ./Drivers/STM32F1xx_HAL_Driver/Src/stm32f1xx_hal_gpio_ex.o
LOAD ./Drivers/STM32F1xx_HAL_Driver/Src/stm32f1xx_hal_pwr.o
LOAD ./Drivers/STM32F1xx_HAL_Driver/Src/stm32f1xx_hal_rcc.o
LOAD ./Drivers/STM32F1xx_HAL_Driver/Src/stm32f1xx_hal_rcc_ex.o
LOAD ./Drivers/STM32F1xx_HAL_Driver/Src/stm32f1xx_hal_tim.o
LOAD ./Drivers/STM32F1xx_HAL_Driver/Src/stm32f1xx_hal_tim_ex.o
START GROUP
LOAD C:/ST/STM32CubeIDE_1.13.2/STM32CubeIDE/plugins/com.st.stm32cube.ide.mcu.externaltools.gnu-tools-for-stm32.11.3.rel1.win32_1.1.1.202309131626/tools/bin/../lib/gcc/arm-none-eabi/11.3.1/../../../../arm-none-eabi/lib/thumb/v7-m/nofp\libc_nano.a
LOAD C:/ST/STM32CubeIDE_1.13.2/STM32CubeIDE/plugins/com.st.stm32cube.ide.mcu.externaltools.gnu-tools-for-stm32.11.3.rel1.win32_1.1.1.202309131626/tools/bin/../lib/gcc/arm-none-eabi/11.3.1/../../../../arm-none-eabi/lib/thumb/v7-m/nofp\libm.a
END GROUP
START GROUP
LOAD C:/ST/STM32CubeIDE_1.13.2/STM32CubeIDE/plugins/com.st.stm32cube.ide.mcu.externaltools.gnu-tools-for-stm32.11.3.rel1.win32_1.1.1.202309131626/tools/bin/../lib/gcc/arm-none-eabi/11.3.1/thumb/v7-m/nofp\libgcc.a
LOAD C:/ST/STM32CubeIDE_1.13.2/STM32CubeIDE/plugins/com.st.stm32cube.ide.mcu.externaltools.gnu-tools-for-stm32.11.3.rel1.win32_1.1.1.202309131626/tools/bin/../lib/gcc/arm-none-eabi/11.3.1/../../../../arm-none-eabi/lib/thumb/v7-m/nofp\libc_nano.a
END GROUP
START GROUP
LOAD C:/ST/STM32CubeIDE_1.13.2/STM32CubeIDE/plugins/com.st.stm32cube.ide.mcu.externaltools.gnu-tools-for-stm32.11.3.rel1.win32_1.1.1.202309131626/tools/bin/../lib/gcc/arm-none-eabi/11.3.1/thumb/v7-m/nofp\libgcc.a
LOAD C:/ST/STM32CubeIDE_1.13.2/STM32CubeIDE/plugins/com.st.stm32cube.ide.mcu.externaltools.gnu-tools-for-stm32.11.3.rel1.win32_1.1.1.202309131626/tools/bin/../lib/gcc/arm-none-eabi/11.3.1/../../../../arm-none-eabi/lib/thumb/v7-m/nofp\libc_nano.a
LOAD C:/ST/STM32CubeIDE_1.13.2/STM32CubeIDE/plugins/com.st.stm32cube.ide.mcu.externaltools.gnu-tools-for-stm32.11.3.rel1.win32_1.1.1.202309131626/tools/bin/../lib/gcc/arm-none-eabi/11.3.1/../../../../arm-none-eabi/lib/thumb/v7-m/nofp\libnosys.a
END GROUP
START GROUP
LOAD C:/ST/STM32CubeIDE_1.13.2/STM32CubeIDE/plugins/com.st.stm32cube.ide.mcu.externaltools.gnu-tools-for-stm32.11.3.rel1.win32_1.1.1.202309131626/tools/bin/../lib/gcc/arm-none-eabi/11.3.1/thumb/v7-m/nofp\libgcc.a
LOAD C:/ST/STM32CubeIDE_1.13.2/STM32CubeIDE/plugins/com.st.stm32cube.ide.mcu.externaltools.gnu-tools-for-stm32.11.3.rel1.win32_1.1.1.202309131626/tools/bin/../lib/gcc/arm-none-eabi/11.3.1/../../../../arm-none-eabi/lib/thumb/v7-m/nofp\libc_nano.a
LOAD C:/ST/STM32CubeIDE_1.13.2/STM32CubeIDE/plugins/com.st.stm32cube.ide.mcu.externaltools.gnu-tools-for-stm32.11.3.rel1.win32_1.1.1.202309131626/tools/bin/../lib/gcc/arm-none-eabi/11.3.1/../../../../arm-none-eabi/lib/thumb/v7-m/nofp\libnosys.a
END GROUP
LOAD C:/ST/STM32CubeIDE_1.13.2/STM32CubeIDE/plugins/com.st.stm32cube.ide.mcu.externaltools.gnu-tools-for-stm32.11.3.rel1.win32_1.1.1.202309131626/tools/bin/../lib/gcc/arm-none-eabi/11.3.1/thumb/v7-m/nofp/crtend.o
LOAD C:/ST/STM32CubeIDE_1.13.2/STM32CubeIDE/plugins/com.st.stm32cube.ide.mcu.externaltools.gnu-tools-for-stm32.11.3.rel1.win32_1.1.1.202309131626/tools/bin/../lib/gcc/arm-none-eabi/11.3.1/thumb/v7-m/nofp/crtn.o
                0x0000000020005000                _estack = (ORIGIN (RAM) + LENGTH (RAM))
                0x0000000000000200                _Min_Heap_Size = 0x200
                0x0000000000000400                _Min_Stack_Size = 0x400

.isr_vector     0x0000000008000000      0x10c
                0x0000000008000000                . = ALIGN (0x4)
 *(.isr_vector)
 .isr_vector    0x0000000008000000      0x10c ./Core/Startup/startup_stm32f103c8tx.o
                0x0000000008000000                g_pfnVectors
                0x000000000800010c                . = ALIGN (0x4)

.text           0x0000000008000110     0x2d60
                0x0000000008000110                . = ALIGN (0x4)
 *(.text)
 .text          0x0000000008000110       0x40 C:/ST/STM32CubeIDE_1.13.2/STM32CubeIDE/plugins/com.st.stm32cube.ide.mcu.externaltools.gnu-tools-for-stm32.11.3.rel1.win32_1.1.1.202309131626/tools/bin/../lib/gcc/arm-none-eabi/11.3.1/thumb/v7-m/nofp/crtbegin.o
 .text          0x0000000008000150      0x378 C:/ST/STM32CubeIDE_1.13.2/STM32CubeIDE/plugins/com.st.stm32cube.ide.mcu.externaltools.gnu-tools-for-stm32.11.3.rel1.win32_1.1.1.202309131626/tools/bin/../lib/gcc/arm-none-eabi/11.3.1/thumb/v7-m/nofp\libgcc.a(_arm_addsubdf3.o)
                0x0000000008000150                __aeabi_drsub
                0x0000000008000158                __aeabi_dsub
                0x0000000008000158                __subdf3
                0x000000000800015c                __aeabi_dadd
                0x000000000800015c                __adddf3
                0x00000000080003d4                __floatunsidf
                0x00000000080003d4                __aeabi_ui2d
                0x00000000080003f4                __floatsidf
                0x00000000080003f4                __aeabi_i2d
                0x0000000008000418                __aeabi_f2d
                0x0000000008000418                __extendsfdf2
                0x000000000800045c                __floatundidf
                0x000000000800045c                __aeabi_ul2d
                0x000000000800046c                __floatdidf
                0x000000000800046c                __aeabi_l2d
 .text          0x00000000080004c8      0x424 C:/ST/STM32CubeIDE_1.13.2/STM32CubeIDE/plugins/com.st.stm32cube.ide.mcu.externaltools.gnu-tools-for-stm32.11.3.rel1.win32_1.1.1.202309131626/tools/bin/../lib/gcc/arm-none-eabi/11.3.1/thumb/v7-m/nofp\libgcc.a(_arm_muldivdf3.o)
                0x00000000080004c8                __aeabi_dmul
                0x00000000080004c8                __muldf3
                0x000000000800071c                __divdf3
                0x000000000800071c                __aeabi_ddiv
 .text          0x00000000080008ec       0x40 C:/ST/STM32CubeIDE_1.13.2/STM32CubeIDE/plugins/com.st.stm32cube.ide.mcu.externaltools.gnu-tools-for-stm32.11.3.rel1.win32_1.1.1.202309131626/tools/bin/../lib/gcc/arm-none-eabi/11.3.1/thumb/v7-m/nofp\libgcc.a(_arm_fixunsdfsi.o)
                0x00000000080008ec                __aeabi_d2uiz
                0x00000000080008ec                __fixunsdfsi
 *(.text*)
 .text.Car_INIT
                0x000000000800092c       0x1a ./Core/Src/CAR.o
                0x000000000800092c                Car_INIT
 .text.Car_Start
                0x0000000008000946       0x2c ./Core/Src/CAR.o
                0x0000000008000946                Car_Start
 .text.Car_Stop
                0x0000000008000972       0x2c ./Core/Src/CAR.o
                0x0000000008000972                Car_Stop
 .text.Car_Forward
                0x000000000800099e       0x2c ./Core/Src/CAR.o
                0x000000000800099e                Car_Forward
 .text.Car_left_Centred
                0x00000000080009ca       0x2c ./Core/Src/CAR.o
                0x00000000080009ca                Car_left_Centred
 .text.Car_Set_Speed
                0x00000000080009f6       0x30 ./Core/Src/CAR.o
                0x00000000080009f6                Car_Set_Speed
 .text.L298N_SetMotorPinState
                0x0000000008000a26       0x24 ./Core/Src/L298N.o
 .text.L298N_Init
                0x0000000008000a4a       0x58 ./Core/Src/L298N.o
                0x0000000008000a4a                L298N_Init
 .text.L298N_SetMotorSpeed
                0x0000000008000aa2       0xba ./Core/Src/L298N.o
                0x0000000008000aa2                L298N_SetMotorSpeed
 .text.L298N_SetMotorDirection
                0x0000000008000b5c      0x112 ./Core/Src/L298N.o
                0x0000000008000b5c                L298N_SetMotorDirection
 *fill*         0x0000000008000c6e        0x2 
 .text.Ultrasonic_1_ReadDistance
                0x0000000008000c70      0x110 ./Core/Src/main.o
                0x0000000008000c70                Ultrasonic_1_ReadDistance
 .text.Ultrasonic_2_ReadDistance
                0x0000000008000d80      0x114 ./Core/Src/main.o
                0x0000000008000d80                Ultrasonic_2_ReadDistance
 .text.main     0x0000000008000e94       0xe4 ./Core/Src/main.o
                0x0000000008000e94                main
 .text.SystemClock_Config
                0x0000000008000f78       0x8a ./Core/Src/main.o
                0x0000000008000f78                SystemClock_Config
 *fill*         0x0000000008001002        0x2 
 .text.MX_TIM1_Init
                0x0000000008001004       0xa0 ./Core/Src/main.o
 .text.MX_TIM2_Init
                0x00000000080010a4       0xb0 ./Core/Src/main.o
 .text.MX_GPIO_Init
                0x0000000008001154       0x98 ./Core/Src/main.o
 .text.Error_Handler
                0x00000000080011ec        0xa ./Core/Src/main.o
                0x00000000080011ec                Error_Handler
 *fill*         0x00000000080011f6        0x2 
 .text.HAL_MspInit
                0x00000000080011f8       0x64 ./Core/Src/stm32f1xx_hal_msp.o
                0x00000000080011f8                HAL_MspInit
 .text.HAL_TIM_Base_MspInit
                0x000000000800125c       0x3c ./Core/Src/stm32f1xx_hal_msp.o
                0x000000000800125c                HAL_TIM_Base_MspInit
 .text.HAL_TIM_PWM_MspInit
                0x0000000008001298       0x38 ./Core/Src/stm32f1xx_hal_msp.o
                0x0000000008001298                HAL_TIM_PWM_MspInit
 .text.HAL_TIM_MspPostInit
                0x00000000080012d0       0x60 ./Core/Src/stm32f1xx_hal_msp.o
                0x00000000080012d0                HAL_TIM_MspPostInit
 .text.NMI_Handler
                0x0000000008001330        0x6 ./Core/Src/stm32f1xx_it.o
                0x0000000008001330                NMI_Handler
 .text.HardFault_Handler
                0x0000000008001336        0x6 ./Core/Src/stm32f1xx_it.o
                0x0000000008001336                HardFault_Handler
 .text.MemManage_Handler
                0x000000000800133c        0x6 ./Core/Src/stm32f1xx_it.o
                0x000000000800133c                MemManage_Handler
 .text.BusFault_Handler
                0x0000000008001342        0x6 ./Core/Src/stm32f1xx_it.o
                0x0000000008001342                BusFault_Handler
 .text.UsageFault_Handler
                0x0000000008001348        0x6 ./Core/Src/stm32f1xx_it.o
                0x0000000008001348                UsageFault_Handler
 .text.SVC_Handler
                0x000000000800134e        0xc ./Core/Src/stm32f1xx_it.o
                0x000000000800134e                SVC_Handler
 .text.DebugMon_Handler
                0x000000000800135a        0xc ./Core/Src/stm32f1xx_it.o
                0x000000000800135a                DebugMon_Handler
 .text.PendSV_Handler
                0x0000000008001366        0xc ./Core/Src/stm32f1xx_it.o
                0x0000000008001366                PendSV_Handler
 .text.SysTick_Handler
                0x0000000008001372        0xc ./Core/Src/stm32f1xx_it.o
                0x0000000008001372                SysTick_Handler
 .text.SystemInit
                0x000000000800137e        0xc ./Core/Src/system_stm32f1xx.o
                0x000000000800137e                SystemInit
 *fill*         0x000000000800138a        0x2 
 .text.Reset_Handler
                0x000000000800138c       0x48 ./Core/Startup/startup_stm32f103c8tx.o
                0x000000000800138c                Reset_Handler
 .text.Default_Handler
                0x00000000080013d4        0x2 ./Core/Startup/startup_stm32f103c8tx.o
                0x00000000080013d4                RTC_Alarm_IRQHandler
                0x00000000080013d4                EXTI2_IRQHandler
                0x00000000080013d4                TIM1_CC_IRQHandler
                0x00000000080013d4                PVD_IRQHandler
                0x00000000080013d4                EXTI3_IRQHandler
                0x00000000080013d4                EXTI0_IRQHandler
                0x00000000080013d4                I2C2_EV_IRQHandler
                0x00000000080013d4                ADC1_2_IRQHandler
                0x00000000080013d4                SPI1_IRQHandler
                0x00000000080013d4                TAMPER_IRQHandler
                0x00000000080013d4                DMA1_Channel4_IRQHandler
                0x00000000080013d4                USART3_IRQHandler
                0x00000000080013d4                RTC_IRQHandler
                0x00000000080013d4                DMA1_Channel7_IRQHandler
                0x00000000080013d4                CAN1_RX1_IRQHandler
                0x00000000080013d4                TIM4_IRQHandler
                0x00000000080013d4                I2C1_EV_IRQHandler
                0x00000000080013d4                DMA1_Channel6_IRQHandler
                0x00000000080013d4                TIM3_IRQHandler
                0x00000000080013d4                RCC_IRQHandler
                0x00000000080013d4                TIM1_TRG_COM_IRQHandler
                0x00000000080013d4                DMA1_Channel1_IRQHandler
                0x00000000080013d4                Default_Handler
                0x00000000080013d4                EXTI15_10_IRQHandler
                0x00000000080013d4                EXTI9_5_IRQHandler
                0x00000000080013d4                SPI2_IRQHandler
                0x00000000080013d4                DMA1_Channel5_IRQHandler
                0x00000000080013d4                EXTI4_IRQHandler
                0x00000000080013d4                USB_LP_CAN1_RX0_IRQHandler
                0x00000000080013d4                USB_HP_CAN1_TX_IRQHandler
                0x00000000080013d4                DMA1_Channel3_IRQHandler
                0x00000000080013d4                TIM1_UP_IRQHandler
                0x00000000080013d4                WWDG_IRQHandler
                0x00000000080013d4                TIM2_IRQHandler
                0x00000000080013d4                TIM1_BRK_IRQHandler
                0x00000000080013d4                EXTI1_IRQHandler
                0x00000000080013d4                USART2_IRQHandler
                0x00000000080013d4                I2C2_ER_IRQHandler
                0x00000000080013d4                DMA1_Channel2_IRQHandler
                0x00000000080013d4                CAN1_SCE_IRQHandler
                0x00000000080013d4                FLASH_IRQHandler
                0x00000000080013d4                USART1_IRQHandler
                0x00000000080013d4                I2C1_ER_IRQHandler
                0x00000000080013d4                USBWakeUp_IRQHandler
 *fill*         0x00000000080013d6        0x2 
 .text.HAL_Init
                0x00000000080013d8       0x2c ./Drivers/STM32F1xx_HAL_Driver/Src/stm32f1xx_hal.o
                0x00000000080013d8                HAL_Init
 .text.HAL_InitTick
                0x0000000008001404       0x60 ./Drivers/STM32F1xx_HAL_Driver/Src/stm32f1xx_hal.o
                0x0000000008001404                HAL_InitTick
 .text.HAL_IncTick
                0x0000000008001464       0x24 ./Drivers/STM32F1xx_HAL_Driver/Src/stm32f1xx_hal.o
                0x0000000008001464                HAL_IncTick
 .text.HAL_GetTick
                0x0000000008001488       0x14 ./Drivers/STM32F1xx_HAL_Driver/Src/stm32f1xx_hal.o
                0x0000000008001488                HAL_GetTick
 .text.HAL_Delay
                0x000000000800149c       0x48 ./Drivers/STM32F1xx_HAL_Driver/Src/stm32f1xx_hal.o
                0x000000000800149c                HAL_Delay
 .text.__NVIC_SetPriorityGrouping
                0x00000000080014e4       0x48 ./Drivers/STM32F1xx_HAL_Driver/Src/stm32f1xx_hal_cortex.o
 .text.__NVIC_GetPriorityGrouping
                0x000000000800152c       0x1c ./Drivers/STM32F1xx_HAL_Driver/Src/stm32f1xx_hal_cortex.o
 .text.__NVIC_SetPriority
                0x0000000008001548       0x54 ./Drivers/STM32F1xx_HAL_Driver/Src/stm32f1xx_hal_cortex.o
 .text.NVIC_EncodePriority
                0x000000000800159c       0x64 ./Drivers/STM32F1xx_HAL_Driver/Src/stm32f1xx_hal_cortex.o
 .text.SysTick_Config
                0x0000000008001600       0x44 ./Drivers/STM32F1xx_HAL_Driver/Src/stm32f1xx_hal_cortex.o
 .text.HAL_NVIC_SetPriorityGrouping
                0x0000000008001644       0x16 ./Drivers/STM32F1xx_HAL_Driver/Src/stm32f1xx_hal_cortex.o
                0x0000000008001644                HAL_NVIC_SetPriorityGrouping
 .text.HAL_NVIC_SetPriority
                0x000000000800165a       0x38 ./Drivers/STM32F1xx_HAL_Driver/Src/stm32f1xx_hal_cortex.o
                0x000000000800165a                HAL_NVIC_SetPriority
 .text.HAL_SYSTICK_Config
                0x0000000008001692       0x18 ./Drivers/STM32F1xx_HAL_Driver/Src/stm32f1xx_hal_cortex.o
                0x0000000008001692                HAL_SYSTICK_Config
 *fill*         0x00000000080016aa        0x2 
 .text.HAL_GPIO_Init
                0x00000000080016ac      0x308 ./Drivers/STM32F1xx_HAL_Driver/Src/stm32f1xx_hal_gpio.o
                0x00000000080016ac                HAL_GPIO_Init
 .text.HAL_GPIO_ReadPin
                0x00000000080019b4       0x2e ./Drivers/STM32F1xx_HAL_Driver/Src/stm32f1xx_hal_gpio.o
                0x00000000080019b4                HAL_GPIO_ReadPin
 .text.HAL_GPIO_WritePin
                0x00000000080019e2       0x30 ./Drivers/STM32F1xx_HAL_Driver/Src/stm32f1xx_hal_gpio.o
                0x00000000080019e2                HAL_GPIO_WritePin
 *fill*         0x0000000008001a12        0x2 
 .text.HAL_RCC_OscConfig
                0x0000000008001a14      0x504 ./Drivers/STM32F1xx_HAL_Driver/Src/stm32f1xx_hal_rcc.o
                0x0000000008001a14                HAL_RCC_OscConfig
 .text.HAL_RCC_ClockConfig
                0x0000000008001f18      0x1d4 ./Drivers/STM32F1xx_HAL_Driver/Src/stm32f1xx_hal_rcc.o
                0x0000000008001f18                HAL_RCC_ClockConfig
 .text.HAL_RCC_GetSysClockFreq
                0x00000000080020ec       0xa8 ./Drivers/STM32F1xx_HAL_Driver/Src/stm32f1xx_hal_rcc.o
                0x00000000080020ec                HAL_RCC_GetSysClockFreq
 .text.RCC_Delay
                0x0000000008002194       0x3c ./Drivers/STM32F1xx_HAL_Driver/Src/stm32f1xx_hal_rcc.o
 .text.HAL_TIM_Base_Init
                0x00000000080021d0       0x9e ./Drivers/STM32F1xx_HAL_Driver/Src/stm32f1xx_hal_tim.o
                0x00000000080021d0                HAL_TIM_Base_Init
 *fill*         0x000000000800226e        0x2 
 .text.HAL_TIM_Base_Start
                0x0000000008002270       0x94 ./Drivers/STM32F1xx_HAL_Driver/Src/stm32f1xx_hal_tim.o
                0x0000000008002270                HAL_TIM_Base_Start
 .text.HAL_TIM_PWM_Init
                0x0000000008002304       0x9e ./Drivers/STM32F1xx_HAL_Driver/Src/stm32f1xx_hal_tim.o
                0x0000000008002304                HAL_TIM_PWM_Init
 *fill*         0x00000000080023a2        0x2 
 .text.HAL_TIM_PWM_Start
                0x00000000080023a4      0x144 ./Drivers/STM32F1xx_HAL_Driver/Src/stm32f1xx_hal_tim.o
                0x00000000080023a4                HAL_TIM_PWM_Start
 .text.HAL_TIM_PWM_ConfigChannel
                0x00000000080024e8      0x184 ./Drivers/STM32F1xx_HAL_Driver/Src/stm32f1xx_hal_tim.o
                0x00000000080024e8                HAL_TIM_PWM_ConfigChannel
 .text.HAL_TIM_ConfigClockSource
                0x000000000800266c      0x18e ./Drivers/STM32F1xx_HAL_Driver/Src/stm32f1xx_hal_tim.o
                0x000000000800266c                HAL_TIM_ConfigClockSource
 *fill*         0x00000000080027fa        0x2 
 .text.TIM_Base_SetConfig
                0x00000000080027fc       0xc4 ./Drivers/STM32F1xx_HAL_Driver/Src/stm32f1xx_hal_tim.o
                0x00000000080027fc                TIM_Base_SetConfig
 .text.TIM_OC1_SetConfig
                0x00000000080028c0       0xcc ./Drivers/STM32F1xx_HAL_Driver/Src/stm32f1xx_hal_tim.o
 .text.TIM_OC2_SetConfig
                0x000000000800298c       0xd4 ./Drivers/STM32F1xx_HAL_Driver/Src/stm32f1xx_hal_tim.o
                0x000000000800298c                TIM_OC2_SetConfig
 .text.TIM_OC3_SetConfig
                0x0000000008002a60       0xd4 ./Drivers/STM32F1xx_HAL_Driver/Src/stm32f1xx_hal_tim.o
 .text.TIM_OC4_SetConfig
                0x0000000008002b34       0x9c ./Drivers/STM32F1xx_HAL_Driver/Src/stm32f1xx_hal_tim.o
 .text.TIM_TI1_ConfigInputStage
                0x0000000008002bd0       0x5c ./Drivers/STM32F1xx_HAL_Driver/Src/stm32f1xx_hal_tim.o
 .text.TIM_TI2_ConfigInputStage
                0x0000000008002c2c       0x5e ./Drivers/STM32F1xx_HAL_Driver/Src/stm32f1xx_hal_tim.o
 .text.TIM_ITRx_SetConfig
                0x0000000008002c8a       0x34 ./Drivers/STM32F1xx_HAL_Driver/Src/stm32f1xx_hal_tim.o
 .text.TIM_ETR_SetConfig
                0x0000000008002cbe       0x3e ./Drivers/STM32F1xx_HAL_Driver/Src/stm32f1xx_hal_tim.o
                0x0000000008002cbe                TIM_ETR_SetConfig
 .text.TIM_CCxChannelCmd
                0x0000000008002cfc       0x48 ./Drivers/STM32F1xx_HAL_Driver/Src/stm32f1xx_hal_tim.o
                0x0000000008002cfc                TIM_CCxChannelCmd
 .text.HAL_TIMEx_MasterConfigSynchronization
                0x0000000008002d44       0xbc ./Drivers/STM32F1xx_HAL_Driver/Src/stm32f1xx_hal_tim_ex.o
                0x0000000008002d44                HAL_TIMEx_MasterConfigSynchronization
 .text.memset   0x0000000008002e00       0x10 C:/ST/STM32CubeIDE_1.13.2/STM32CubeIDE/plugins/com.st.stm32cube.ide.mcu.externaltools.gnu-tools-for-stm32.11.3.rel1.win32_1.1.1.202309131626/tools/bin/../lib/gcc/arm-none-eabi/11.3.1/../../../../arm-none-eabi/lib/thumb/v7-m/nofp\libc_nano.a(libc_a-memset.o)
                0x0000000008002e00                memset
 .text.__libc_init_array
                0x0000000008002e10       0x48 C:/ST/STM32CubeIDE_1.13.2/STM32CubeIDE/plugins/com.st.stm32cube.ide.mcu.externaltools.gnu-tools-for-stm32.11.3.rel1.win32_1.1.1.202309131626/tools/bin/../lib/gcc/arm-none-eabi/11.3.1/../../../../arm-none-eabi/lib/thumb/v7-m/nofp\libc_nano.a(libc_a-init.o)
                0x0000000008002e10                __libc_init_array
 *(.glue_7)
 .glue_7        0x0000000008002e58        0x0 linker stubs
 *(.glue_7t)
 .glue_7t       0x0000000008002e58        0x0 linker stubs
 *(.eh_frame)
 .eh_frame      0x0000000008002e58        0x0 C:/ST/STM32CubeIDE_1.13.2/STM32CubeIDE/plugins/com.st.stm32cube.ide.mcu.externaltools.gnu-tools-for-stm32.11.3.rel1.win32_1.1.1.202309131626/tools/bin/../lib/gcc/arm-none-eabi/11.3.1/thumb/v7-m/nofp/crtbegin.o
 *(.init)
 .init          0x0000000008002e58        0x4 C:/ST/STM32CubeIDE_1.13.2/STM32CubeIDE/plugins/com.st.stm32cube.ide.mcu.externaltools.gnu-tools-for-stm32.11.3.rel1.win32_1.1.1.202309131626/tools/bin/../lib/gcc/arm-none-eabi/11.3.1/thumb/v7-m/nofp/crti.o
                0x0000000008002e58                _init
 .init          0x0000000008002e5c        0x8 C:/ST/STM32CubeIDE_1.13.2/STM32CubeIDE/plugins/com.st.stm32cube.ide.mcu.externaltools.gnu-tools-for-stm32.11.3.rel1.win32_1.1.1.202309131626/tools/bin/../lib/gcc/arm-none-eabi/11.3.1/thumb/v7-m/nofp/crtn.o
 *(.fini)
 .fini          0x0000000008002e64        0x4 C:/ST/STM32CubeIDE_1.13.2/STM32CubeIDE/plugins/com.st.stm32cube.ide.mcu.externaltools.gnu-tools-for-stm32.11.3.rel1.win32_1.1.1.202309131626/tools/bin/../lib/gcc/arm-none-eabi/11.3.1/thumb/v7-m/nofp/crti.o
                0x0000000008002e64                _fini
 .fini          0x0000000008002e68        0x8 C:/ST/STM32CubeIDE_1.13.2/STM32CubeIDE/plugins/com.st.stm32cube.ide.mcu.externaltools.gnu-tools-for-stm32.11.3.rel1.win32_1.1.1.202309131626/tools/bin/../lib/gcc/arm-none-eabi/11.3.1/thumb/v7-m/nofp/crtn.o
                0x0000000008002e70                . = ALIGN (0x4)
                0x0000000008002e70                _etext = .

.vfp11_veneer   0x0000000008002e70        0x0
 .vfp11_veneer  0x0000000008002e70        0x0 linker stubs

.v4_bx          0x0000000008002e70        0x0
 .v4_bx         0x0000000008002e70        0x0 linker stubs

.iplt           0x0000000008002e70        0x0
 .iplt          0x0000000008002e70        0x0 C:/ST/STM32CubeIDE_1.13.2/STM32CubeIDE/plugins/com.st.stm32cube.ide.mcu.externaltools.gnu-tools-for-stm32.11.3.rel1.win32_1.1.1.202309131626/tools/bin/../lib/gcc/arm-none-eabi/11.3.1/thumb/v7-m/nofp/crtbegin.o

.rodata         0x0000000008002e70       0x24
                0x0000000008002e70                . = ALIGN (0x4)
 *(.rodata)
 *(.rodata*)
 .rodata.AHBPrescTable
                0x0000000008002e70       0x10 ./Core/Src/system_stm32f1xx.o
                0x0000000008002e70                AHBPrescTable
 .rodata.aPLLMULFactorTable.1
                0x0000000008002e80       0x10 ./Drivers/STM32F1xx_HAL_Driver/Src/stm32f1xx_hal_rcc.o
 .rodata.aPredivFactorTable.0
                0x0000000008002e90        0x2 ./Drivers/STM32F1xx_HAL_Driver/Src/stm32f1xx_hal_rcc.o
                0x0000000008002e94                . = ALIGN (0x4)
 *fill*         0x0000000008002e92        0x2 

.rel.dyn        0x0000000008002e94        0x0
 .rel.iplt      0x0000000008002e94        0x0 C:/ST/STM32CubeIDE_1.13.2/STM32CubeIDE/plugins/com.st.stm32cube.ide.mcu.externaltools.gnu-tools-for-stm32.11.3.rel1.win32_1.1.1.202309131626/tools/bin/../lib/gcc/arm-none-eabi/11.3.1/thumb/v7-m/nofp/crtbegin.o

.ARM.extab      0x0000000008002e94        0x0
                0x0000000008002e94                . = ALIGN (0x4)
 *(.ARM.extab* .gnu.linkonce.armextab.*)
                0x0000000008002e94                . = ALIGN (0x4)

.ARM            0x0000000008002e94        0x0
                0x0000000008002e94                . = ALIGN (0x4)
                0x0000000008002e94                __exidx_start = .
 *(.ARM.exidx*)
                0x0000000008002e94                __exidx_end = .
                0x0000000008002e94                . = ALIGN (0x4)

.preinit_array  0x0000000008002e94        0x0
                0x0000000008002e94                . = ALIGN (0x4)
                0x0000000008002e94                PROVIDE (__preinit_array_start = .)
 *(.preinit_array*)
                0x0000000008002e94                PROVIDE (__preinit_array_end = .)
                0x0000000008002e94                . = ALIGN (0x4)

.init_array     0x0000000008002e94        0x4
                0x0000000008002e94                . = ALIGN (0x4)
                0x0000000008002e94                PROVIDE (__init_array_start = .)
 *(SORT_BY_NAME(.init_array.*))
 *(.init_array*)
 .init_array    0x0000000008002e94        0x4 C:/ST/STM32CubeIDE_1.13.2/STM32CubeIDE/plugins/com.st.stm32cube.ide.mcu.externaltools.gnu-tools-for-stm32.11.3.rel1.win32_1.1.1.202309131626/tools/bin/../lib/gcc/arm-none-eabi/11.3.1/thumb/v7-m/nofp/crtbegin.o
                0x0000000008002e98                PROVIDE (__init_array_end = .)
                0x0000000008002e98                . = ALIGN (0x4)

.fini_array     0x0000000008002e98        0x4
                0x0000000008002e98                . = ALIGN (0x4)
                [!provide]                        PROVIDE (__fini_array_start = .)
 *(SORT_BY_NAME(.fini_array.*))
 *(.fini_array*)
 .fini_array    0x0000000008002e98        0x4 C:/ST/STM32CubeIDE_1.13.2/STM32CubeIDE/plugins/com.st.stm32cube.ide.mcu.externaltools.gnu-tools-for-stm32.11.3.rel1.win32_1.1.1.202309131626/tools/bin/../lib/gcc/arm-none-eabi/11.3.1/thumb/v7-m/nofp/crtbegin.o
                [!provide]                        PROVIDE (__fini_array_end = .)
                0x0000000008002e9c                . = ALIGN (0x4)
                0x0000000008002e9c                _sidata = LOADADDR (.data)

.data           0x0000000020000000       0x38 load address 0x0000000008002e9c
                0x0000000020000000                . = ALIGN (0x4)
                0x0000000020000000                _sdata = .
 *(.data)
 *(.data*)
 .data.motor1   0x0000000020000000       0x28 ./Core/Src/main.o
                0x0000000020000000                motor1
 .data.Car      0x0000000020000028        0x4 ./Core/Src/main.o
                0x0000000020000028                Car
 .data.SystemCoreClock
                0x000000002000002c        0x4 ./Core/Src/system_stm32f1xx.o
                0x000000002000002c                SystemCoreClock
 .data.uwTickPrio
                0x0000000020000030        0x4 ./Drivers/STM32F1xx_HAL_Driver/Src/stm32f1xx_hal.o
                0x0000000020000030                uwTickPrio
 .data.uwTickFreq
                0x0000000020000034        0x1 ./Drivers/STM32F1xx_HAL_Driver/Src/stm32f1xx_hal.o
                0x0000000020000034                uwTickFreq
 *(.RamFunc)
 *(.RamFunc*)
                0x0000000020000038                . = ALIGN (0x4)
 *fill*         0x0000000020000035        0x3 
                0x0000000020000038                _edata = .

.igot.plt       0x0000000020000038        0x0 load address 0x0000000008002ed4
 .igot.plt      0x0000000020000038        0x0 C:/ST/STM32CubeIDE_1.13.2/STM32CubeIDE/plugins/com.st.stm32cube.ide.mcu.externaltools.gnu-tools-for-stm32.11.3.rel1.win32_1.1.1.202309131626/tools/bin/../lib/gcc/arm-none-eabi/11.3.1/thumb/v7-m/nofp/crtbegin.o
                0x0000000020000038                . = ALIGN (0x4)

.bss            0x0000000020000038       0xd0 load address 0x0000000008002ed4
                0x0000000020000038                _sbss = .
                0x0000000020000038                __bss_start__ = _sbss
 *(.bss)
 .bss           0x0000000020000038       0x1c C:/ST/STM32CubeIDE_1.13.2/STM32CubeIDE/plugins/com.st.stm32cube.ide.mcu.externaltools.gnu-tools-for-stm32.11.3.rel1.win32_1.1.1.202309131626/tools/bin/../lib/gcc/arm-none-eabi/11.3.1/thumb/v7-m/nofp/crtbegin.o
 *(.bss*)
 .bss.htim1     0x0000000020000054       0x48 ./Core/Src/main.o
                0x0000000020000054                htim1
 .bss.htim2     0x000000002000009c       0x48 ./Core/Src/main.o
                0x000000002000009c                htim2
 .bss.ultra2pMillis
                0x00000000200000e4        0x4 ./Core/Src/main.o
                0x00000000200000e4                ultra2pMillis
 .bss.ultra2Value1
                0x00000000200000e8        0x4 ./Core/Src/main.o
                0x00000000200000e8                ultra2Value1
 .bss.ultra2Value2
                0x00000000200000ec        0x4 ./Core/Src/main.o
                0x00000000200000ec                ultra2Value2
 .bss.ultra2Distance
                0x00000000200000f0        0x2 ./Core/Src/main.o
                0x00000000200000f0                ultra2Distance
 *fill*         0x00000000200000f2        0x2 
 .bss.pMillis   0x00000000200000f4        0x4 ./Core/Src/main.o
                0x00000000200000f4                pMillis
 .bss.Value1    0x00000000200000f8        0x4 ./Core/Src/main.o
                0x00000000200000f8                Value1
 .bss.Value2    0x00000000200000fc        0x4 ./Core/Src/main.o
                0x00000000200000fc                Value2
 .bss.ultra1Distance
                0x0000000020000100        0x2 ./Core/Src/main.o
                0x0000000020000100                ultra1Distance
 *fill*         0x0000000020000102        0x2 
 .bss.uwTick    0x0000000020000104        0x4 ./Drivers/STM32F1xx_HAL_Driver/Src/stm32f1xx_hal.o
                0x0000000020000104                uwTick
 *(COMMON)
                0x0000000020000108                . = ALIGN (0x4)
                0x0000000020000108                _ebss = .
                0x0000000020000108                __bss_end__ = _ebss

._user_heap_stack
                0x0000000020000108      0x600 load address 0x0000000008002ed4
                0x0000000020000108                . = ALIGN (0x8)
                [!provide]                        PROVIDE (end = .)
                0x0000000020000108                PROVIDE (_end = .)
                0x0000000020000308                . = (. + _Min_Heap_Size)
 *fill*         0x0000000020000108      0x200 
                0x0000000020000708                . = (. + _Min_Stack_Size)
 *fill*         0x0000000020000308      0x400 
                0x0000000020000708                . = ALIGN (0x8)

/DISCARD/
 libc.a(*)
 libm.a(*)
 libgcc.a(*)

.ARM.attributes
                0x0000000000000000       0x29
 *(.ARM.attributes)
 .ARM.attributes
                0x0000000000000000       0x1d C:/ST/STM32CubeIDE_1.13.2/STM32CubeIDE/plugins/com.st.stm32cube.ide.mcu.externaltools.gnu-tools-for-stm32.11.3.rel1.win32_1.1.1.202309131626/tools/bin/../lib/gcc/arm-none-eabi/11.3.1/thumb/v7-m/nofp/crti.o
 .ARM.attributes
                0x000000000000001d       0x2d C:/ST/STM32CubeIDE_1.13.2/STM32CubeIDE/plugins/com.st.stm32cube.ide.mcu.externaltools.gnu-tools-for-stm32.11.3.rel1.win32_1.1.1.202309131626/tools/bin/../lib/gcc/arm-none-eabi/11.3.1/thumb/v7-m/nofp/crtbegin.o
 .ARM.attributes
                0x000000000000004a       0x2d ./Core/Src/CAR.o
 .ARM.attributes
                0x0000000000000077       0x2d ./Core/Src/L298N.o
 .ARM.attributes
                0x00000000000000a4       0x2d ./Core/Src/main.o
 .ARM.attributes
                0x00000000000000d1       0x2d ./Core/Src/stm32f1xx_hal_msp.o
 .ARM.attributes
                0x00000000000000fe       0x2d ./Core/Src/stm32f1xx_it.o
 .ARM.attributes
                0x000000000000012b       0x2d ./Core/Src/system_stm32f1xx.o
 .ARM.attributes
                0x0000000000000158       0x21 ./Core/Startup/startup_stm32f103c8tx.o
 .ARM.attributes
                0x0000000000000179       0x2d ./Drivers/STM32F1xx_HAL_Driver/Src/stm32f1xx_hal.o
 .ARM.attributes
                0x00000000000001a6       0x2d ./Drivers/STM32F1xx_HAL_Driver/Src/stm32f1xx_hal_cortex.o
 .ARM.attributes
                0x00000000000001d3       0x2d ./Drivers/STM32F1xx_HAL_Driver/Src/stm32f1xx_hal_gpio.o
 .ARM.attributes
                0x0000000000000200       0x2d ./Drivers/STM32F1xx_HAL_Driver/Src/stm32f1xx_hal_rcc.o
 .ARM.attributes
                0x000000000000022d       0x2d ./Drivers/STM32F1xx_HAL_Driver/Src/stm32f1xx_hal_tim.o
 .ARM.attributes
                0x000000000000025a       0x2d ./Drivers/STM32F1xx_HAL_Driver/Src/stm32f1xx_hal_tim_ex.o
 .ARM.attributes
                0x0000000000000287       0x2d C:/ST/STM32CubeIDE_1.13.2/STM32CubeIDE/plugins/com.st.stm32cube.ide.mcu.externaltools.gnu-tools-for-stm32.11.3.rel1.win32_1.1.1.202309131626/tools/bin/../lib/gcc/arm-none-eabi/11.3.1/../../../../arm-none-eabi/lib/thumb/v7-m/nofp\libc_nano.a(libc_a-memset.o)
 .ARM.attributes
                0x00000000000002b4       0x2d C:/ST/STM32CubeIDE_1.13.2/STM32CubeIDE/plugins/com.st.stm32cube.ide.mcu.externaltools.gnu-tools-for-stm32.11.3.rel1.win32_1.1.1.202309131626/tools/bin/../lib/gcc/arm-none-eabi/11.3.1/../../../../arm-none-eabi/lib/thumb/v7-m/nofp\libc_nano.a(libc_a-init.o)
 .ARM.attributes
                0x00000000000002e1       0x1d C:/ST/STM32CubeIDE_1.13.2/STM32CubeIDE/plugins/com.st.stm32cube.ide.mcu.externaltools.gnu-tools-for-stm32.11.3.rel1.win32_1.1.1.202309131626/tools/bin/../lib/gcc/arm-none-eabi/11.3.1/thumb/v7-m/nofp\libgcc.a(_arm_addsubdf3.o)
 .ARM.attributes
                0x00000000000002fe       0x1d C:/ST/STM32CubeIDE_1.13.2/STM32CubeIDE/plugins/com.st.stm32cube.ide.mcu.externaltools.gnu-tools-for-stm32.11.3.rel1.win32_1.1.1.202309131626/tools/bin/../lib/gcc/arm-none-eabi/11.3.1/thumb/v7-m/nofp\libgcc.a(_arm_muldivdf3.o)
 .ARM.attributes
                0x000000000000031b       0x1d C:/ST/STM32CubeIDE_1.13.2/STM32CubeIDE/plugins/com.st.stm32cube.ide.mcu.externaltools.gnu-tools-for-stm32.11.3.rel1.win32_1.1.1.202309131626/tools/bin/../lib/gcc/arm-none-eabi/11.3.1/thumb/v7-m/nofp\libgcc.a(_arm_fixunsdfsi.o)
 .ARM.attributes
                0x0000000000000338       0x1d C:/ST/STM32CubeIDE_1.13.2/STM32CubeIDE/plugins/com.st.stm32cube.ide.mcu.externaltools.gnu-tools-for-stm32.11.3.rel1.win32_1.1.1.202309131626/tools/bin/../lib/gcc/arm-none-eabi/11.3.1/thumb/v7-m/nofp/crtn.o
OUTPUT(DC_ULTRASONIC_NTI.elf elf32-littlearm)
LOAD linker stubs
LOAD C:/ST/STM32CubeIDE_1.13.2/STM32CubeIDE/plugins/com.st.stm32cube.ide.mcu.externaltools.gnu-tools-for-stm32.11.3.rel1.win32_1.1.1.202309131626/tools/bin/../lib/gcc/arm-none-eabi/11.3.1/../../../../arm-none-eabi/lib/thumb/v7-m/nofp\libc.a
LOAD C:/ST/STM32CubeIDE_1.13.2/STM32CubeIDE/plugins/com.st.stm32cube.ide.mcu.externaltools.gnu-tools-for-stm32.11.3.rel1.win32_1.1.1.202309131626/tools/bin/../lib/gcc/arm-none-eabi/11.3.1/../../../../arm-none-eabi/lib/thumb/v7-m/nofp\libm.a
LOAD C:/ST/STM32CubeIDE_1.13.2/STM32CubeIDE/plugins/com.st.stm32cube.ide.mcu.externaltools.gnu-tools-for-stm32.11.3.rel1.win32_1.1.1.202309131626/tools/bin/../lib/gcc/arm-none-eabi/11.3.1/thumb/v7-m/nofp\libgcc.a

.comment        0x0000000000000000       0x43
 .comment       0x0000000000000000       0x43 C:/ST/STM32CubeIDE_1.13.2/STM32CubeIDE/plugins/com.st.stm32cube.ide.mcu.externaltools.gnu-tools-for-stm32.11.3.rel1.win32_1.1.1.202309131626/tools/bin/../lib/gcc/arm-none-eabi/11.3.1/thumb/v7-m/nofp/crtbegin.o
                                         0x44 (size before relaxing)
 .comment       0x0000000000000043       0x44 ./Core/Src/CAR.o
 .comment       0x0000000000000043       0x44 ./Core/Src/L298N.o
 .comment       0x0000000000000043       0x44 ./Core/Src/main.o
 .comment       0x0000000000000043       0x44 ./Core/Src/stm32f1xx_hal_msp.o
 .comment       0x0000000000000043       0x44 ./Core/Src/stm32f1xx_it.o
 .comment       0x0000000000000043       0x44 ./Core/Src/system_stm32f1xx.o
 .comment       0x0000000000000043       0x44 ./Drivers/STM32F1xx_HAL_Driver/Src/stm32f1xx_hal.o
 .comment       0x0000000000000043       0x44 ./Drivers/STM32F1xx_HAL_Driver/Src/stm32f1xx_hal_cortex.o
 .comment       0x0000000000000043       0x44 ./Drivers/STM32F1xx_HAL_Driver/Src/stm32f1xx_hal_gpio.o
 .comment       0x0000000000000043       0x44 ./Drivers/STM32F1xx_HAL_Driver/Src/stm32f1xx_hal_rcc.o
 .comment       0x0000000000000043       0x44 ./Drivers/STM32F1xx_HAL_Driver/Src/stm32f1xx_hal_tim.o
 .comment       0x0000000000000043       0x44 ./Drivers/STM32F1xx_HAL_Driver/Src/stm32f1xx_hal_tim_ex.o

.debug_info     0x0000000000000000     0x8a4a
 .debug_info    0x0000000000000000      0x943 ./Core/Src/CAR.o
 .debug_info    0x0000000000000943      0x8fd ./Core/Src/L298N.o
 .debug_info    0x0000000000001240      0xe8f ./Core/Src/main.o
 .debug_info    0x00000000000020cf      0x942 ./Core/Src/stm32f1xx_hal_msp.o
 .debug_info    0x0000000000002a11      0x113 ./Core/Src/stm32f1xx_it.o
 .debug_info    0x0000000000002b24      0x222 ./Core/Src/system_stm32f1xx.o
 .debug_info    0x0000000000002d46       0x23 ./Core/Startup/startup_stm32f103c8tx.o
 .debug_info    0x0000000000002d69      0x704 ./Drivers/STM32F1xx_HAL_Driver/Src/stm32f1xx_hal.o
 .debug_info    0x000000000000346d      0xa87 ./Drivers/STM32F1xx_HAL_Driver/Src/stm32f1xx_hal_cortex.o
 .debug_info    0x0000000000003ef4      0x5ab ./Drivers/STM32F1xx_HAL_Driver/Src/stm32f1xx_hal_gpio.o
 .debug_info    0x000000000000449f      0x7d5 ./Drivers/STM32F1xx_HAL_Driver/Src/stm32f1xx_hal_rcc.o
 .debug_info    0x0000000000004c74     0x293b ./Drivers/STM32F1xx_HAL_Driver/Src/stm32f1xx_hal_tim.o
 .debug_info    0x00000000000075af     0x149b ./Drivers/STM32F1xx_HAL_Driver/Src/stm32f1xx_hal_tim_ex.o

.debug_abbrev   0x0000000000000000     0x17fe
 .debug_abbrev  0x0000000000000000      0x18f ./Core/Src/CAR.o
 .debug_abbrev  0x000000000000018f      0x1bf ./Core/Src/L298N.o
 .debug_abbrev  0x000000000000034e      0x2ae ./Core/Src/main.o
 .debug_abbrev  0x00000000000005fc      0x1cf ./Core/Src/stm32f1xx_hal_msp.o
 .debug_abbrev  0x00000000000007cb       0x73 ./Core/Src/stm32f1xx_it.o
 .debug_abbrev  0x000000000000083e      0x13f ./Core/Src/system_stm32f1xx.o
 .debug_abbrev  0x000000000000097d       0x12 ./Core/Startup/startup_stm32f103c8tx.o
 .debug_abbrev  0x000000000000098f      0x201 ./Drivers/STM32F1xx_HAL_Driver/Src/stm32f1xx_hal.o
 .debug_abbrev  0x0000000000000b90      0x2f8 ./Drivers/STM32F1xx_HAL_Driver/Src/stm32f1xx_hal_cortex.o
 .debug_abbrev  0x0000000000000e88      0x1ca ./Drivers/STM32F1xx_HAL_Driver/Src/stm32f1xx_hal_gpio.o
 .debug_abbrev  0x0000000000001052      0x2b3 ./Drivers/STM32F1xx_HAL_Driver/Src/stm32f1xx_hal_rcc.o
 .debug_abbrev  0x0000000000001305      0x277 ./Drivers/STM32F1xx_HAL_Driver/Src/stm32f1xx_hal_tim.o
 .debug_abbrev  0x000000000000157c      0x282 ./Drivers/STM32F1xx_HAL_Driver/Src/stm32f1xx_hal_tim_ex.o

.debug_aranges  0x0000000000000000      0x9f0
 .debug_aranges
                0x0000000000000000       0x68 ./Core/Src/CAR.o
 .debug_aranges
                0x0000000000000068       0x38 ./Core/Src/L298N.o
 .debug_aranges
                0x00000000000000a0       0x58 ./Core/Src/main.o
 .debug_aranges
                0x00000000000000f8       0x48 ./Core/Src/stm32f1xx_hal_msp.o
 .debug_aranges
                0x0000000000000140       0x60 ./Core/Src/stm32f1xx_it.o
 .debug_aranges
                0x00000000000001a0       0x28 ./Core/Src/system_stm32f1xx.o
 .debug_aranges
                0x00000000000001c8       0x28 ./Core/Startup/startup_stm32f103c8tx.o
 .debug_aranges
                0x00000000000001f0       0xe0 ./Drivers/STM32F1xx_HAL_Driver/Src/stm32f1xx_hal.o
 .debug_aranges
                0x00000000000002d0      0x100 ./Drivers/STM32F1xx_HAL_Driver/Src/stm32f1xx_hal_cortex.o
 .debug_aranges
                0x00000000000003d0       0x58 ./Drivers/STM32F1xx_HAL_Driver/Src/stm32f1xx_hal_gpio.o
 .debug_aranges
                0x0000000000000428       0x90 ./Drivers/STM32F1xx_HAL_Driver/Src/stm32f1xx_hal_rcc.o
 .debug_aranges
                0x00000000000004b8      0x3d0 ./Drivers/STM32F1xx_HAL_Driver/Src/stm32f1xx_hal_tim.o
 .debug_aranges
                0x0000000000000888      0x168 ./Drivers/STM32F1xx_HAL_Driver/Src/stm32f1xx_hal_tim_ex.o

.debug_rnglists
                0x0000000000000000      0x7a3
 .debug_rnglists
                0x0000000000000000       0x49 ./Core/Src/CAR.o
 .debug_rnglists
                0x0000000000000049       0x27 ./Core/Src/L298N.o
 .debug_rnglists
                0x0000000000000070       0x44 ./Core/Src/main.o
 .debug_rnglists
                0x00000000000000b4       0x31 ./Core/Src/stm32f1xx_hal_msp.o
 .debug_rnglists
                0x00000000000000e5       0x43 ./Core/Src/stm32f1xx_it.o
 .debug_rnglists
                0x0000000000000128       0x1a ./Core/Src/system_stm32f1xx.o
 .debug_rnglists
                0x0000000000000142       0x19 ./Core/Startup/startup_stm32f103c8tx.o
 .debug_rnglists
                0x000000000000015b       0xa3 ./Drivers/STM32F1xx_HAL_Driver/Src/stm32f1xx_hal.o
 .debug_rnglists
                0x00000000000001fe       0xbb ./Drivers/STM32F1xx_HAL_Driver/Src/stm32f1xx_hal_cortex.o
 .debug_rnglists
                0x00000000000002b9       0x3f ./Drivers/STM32F1xx_HAL_Driver/Src/stm32f1xx_hal_gpio.o
 .debug_rnglists
                0x00000000000002f8       0x6c ./Drivers/STM32F1xx_HAL_Driver/Src/stm32f1xx_hal_rcc.o
 .debug_rnglists
                0x0000000000000364      0x31a ./Drivers/STM32F1xx_HAL_Driver/Src/stm32f1xx_hal_tim.o
 .debug_rnglists
                0x000000000000067e      0x125 ./Drivers/STM32F1xx_HAL_Driver/Src/stm32f1xx_hal_tim_ex.o

.debug_macro    0x0000000000000000    0x16967
 .debug_macro   0x0000000000000000      0x1b1 ./Core/Src/CAR.o
 .debug_macro   0x00000000000001b1      0xa9c ./Core/Src/CAR.o
 .debug_macro   0x0000000000000c4d      0x215 ./Core/Src/CAR.o
 .debug_macro   0x0000000000000e62       0x2e ./Core/Src/CAR.o
 .debug_macro   0x0000000000000e90       0x22 ./Core/Src/CAR.o
 .debug_macro   0x0000000000000eb2       0x22 ./Core/Src/CAR.o
 .debug_macro   0x0000000000000ed4       0x8e ./Core/Src/CAR.o
 .debug_macro   0x0000000000000f62       0x51 ./Core/Src/CAR.o
 .debug_macro   0x0000000000000fb3      0x103 ./Core/Src/CAR.o
 .debug_macro   0x00000000000010b6       0x6a ./Core/Src/CAR.o
 .debug_macro   0x0000000000001120      0x1df ./Core/Src/CAR.o
 .debug_macro   0x00000000000012ff       0x1c ./Core/Src/CAR.o
 .debug_macro   0x000000000000131b       0x22 ./Core/Src/CAR.o
 .debug_macro   0x000000000000133d       0xbd ./Core/Src/CAR.o
 .debug_macro   0x00000000000013fa      0xd23 ./Core/Src/CAR.o
 .debug_macro   0x000000000000211d     0xe09e ./Core/Src/CAR.o
 .debug_macro   0x00000000000101bb       0x6d ./Core/Src/CAR.o
 .debug_macro   0x0000000000010228     0x348d ./Core/Src/CAR.o
 .debug_macro   0x00000000000136b5      0x174 ./Core/Src/CAR.o
 .debug_macro   0x0000000000013829       0x5c ./Core/Src/CAR.o
 .debug_macro   0x0000000000013885      0x5bc ./Core/Src/CAR.o
 .debug_macro   0x0000000000013e41      0x289 ./Core/Src/CAR.o
 .debug_macro   0x00000000000140ca      0x1cb ./Core/Src/CAR.o
 .debug_macro   0x0000000000014295      0x114 ./Core/Src/CAR.o
 .debug_macro   0x00000000000143a9      0x1b2 ./Core/Src/CAR.o
 .debug_macro   0x000000000001455b       0x27 ./Core/Src/CAR.o
 .debug_macro   0x0000000000014582      0x136 ./Core/Src/CAR.o
 .debug_macro   0x00000000000146b8      0x1bc ./Core/Src/CAR.o
 .debug_macro   0x0000000000014874       0x34 ./Core/Src/CAR.o
 .debug_macro   0x00000000000148a8       0x3c ./Core/Src/CAR.o
 .debug_macro   0x00000000000148e4       0x57 ./Core/Src/CAR.o
 .debug_macro   0x000000000001493b       0x87 ./Core/Src/CAR.o
 .debug_macro   0x00000000000149c2      0x240 ./Core/Src/CAR.o
 .debug_macro   0x0000000000014c02      0x140 ./Core/Src/CAR.o
 .debug_macro   0x0000000000014d42      0x8ed ./Core/Src/CAR.o
 .debug_macro   0x000000000001562f       0x83 ./Core/Src/CAR.o
 .debug_macro   0x00000000000156b2      0x1a9 ./Core/Src/L298N.o
 .debug_macro   0x000000000001585b      0x1eb ./Core/Src/main.o
 .debug_macro   0x0000000000015a46      0x1a3 ./Core/Src/stm32f1xx_hal_msp.o
 .debug_macro   0x0000000000015be9      0x1ad ./Core/Src/stm32f1xx_it.o
 .debug_macro   0x0000000000015d96      0x199 ./Core/Src/system_stm32f1xx.o
 .debug_macro   0x0000000000015f2f      0x1bd ./Drivers/STM32F1xx_HAL_Driver/Src/stm32f1xx_hal.o
 .debug_macro   0x00000000000160ec      0x199 ./Drivers/STM32F1xx_HAL_Driver/Src/stm32f1xx_hal_cortex.o
 .debug_macro   0x0000000000016285      0x204 ./Drivers/STM32F1xx_HAL_Driver/Src/stm32f1xx_hal_gpio.o
 .debug_macro   0x0000000000016489      0x1ab ./Drivers/STM32F1xx_HAL_Driver/Src/stm32f1xx_hal_rcc.o
 .debug_macro   0x0000000000016634      0x19a ./Drivers/STM32F1xx_HAL_Driver/Src/stm32f1xx_hal_tim.o
 .debug_macro   0x00000000000167ce      0x199 ./Drivers/STM32F1xx_HAL_Driver/Src/stm32f1xx_hal_tim_ex.o

.debug_line     0x0000000000000000     0xaac0
 .debug_line    0x0000000000000000      0x7b8 ./Core/Src/CAR.o
 .debug_line    0x00000000000007b8      0x7f5 ./Core/Src/L298N.o
 .debug_line    0x0000000000000fad      0x9db ./Core/Src/main.o
 .debug_line    0x0000000000001988      0x781 ./Core/Src/stm32f1xx_hal_msp.o
 .debug_line    0x0000000000002109      0x7a7 ./Core/Src/stm32f1xx_it.o
 .debug_line    0x00000000000028b0      0x763 ./Core/Src/system_stm32f1xx.o
 .debug_line    0x0000000000003013       0x78 ./Core/Startup/startup_stm32f103c8tx.o
 .debug_line    0x000000000000308b      0x990 ./Drivers/STM32F1xx_HAL_Driver/Src/stm32f1xx_hal.o
 .debug_line    0x0000000000003a1b      0xb78 ./Drivers/STM32F1xx_HAL_Driver/Src/stm32f1xx_hal_cortex.o
 .debug_line    0x0000000000004593      0xa29 ./Drivers/STM32F1xx_HAL_Driver/Src/stm32f1xx_hal_gpio.o
 .debug_line    0x0000000000004fbc      0xd99 ./Drivers/STM32F1xx_HAL_Driver/Src/stm32f1xx_hal_rcc.o
 .debug_line    0x0000000000005d55     0x347c ./Drivers/STM32F1xx_HAL_Driver/Src/stm32f1xx_hal_tim.o
 .debug_line    0x00000000000091d1     0x18ef ./Drivers/STM32F1xx_HAL_Driver/Src/stm32f1xx_hal_tim_ex.o

.debug_str      0x0000000000000000    0x84423
 .debug_str     0x0000000000000000    0x81c49 ./Core/Src/CAR.o
                                      0x8201e (size before relaxing)
 .debug_str     0x0000000000081c49      0x101 ./Core/Src/L298N.o
                                      0x82084 (size before relaxing)
 .debug_str     0x0000000000081d4a      0x502 ./Core/Src/main.o
                                      0x824c6 (size before relaxing)
 .debug_str     0x000000000008224c       0xc8 ./Core/Src/stm32f1xx_hal_msp.o
                                      0x81f3e (size before relaxing)
 .debug_str     0x0000000000082314       0xc9 ./Core/Src/stm32f1xx_it.o
                                      0x819b8 (size before relaxing)
 .debug_str     0x00000000000823dd       0x88 ./Core/Src/system_stm32f1xx.o
                                      0x819ce (size before relaxing)
 .debug_str     0x0000000000082465       0x34 ./Core/Startup/startup_stm32f103c8tx.o
                                         0x79 (size before relaxing)
 .debug_str     0x0000000000082499      0x5fb ./Drivers/STM32F1xx_HAL_Driver/Src/stm32f1xx_hal.o
                                      0x82101 (size before relaxing)
 .debug_str     0x0000000000082a94      0x2bb ./Drivers/STM32F1xx_HAL_Driver/Src/stm32f1xx_hal_cortex.o
                                      0x8204d (size before relaxing)
 .debug_str     0x0000000000082d4f      0x2d6 ./Drivers/STM32F1xx_HAL_Driver/Src/stm32f1xx_hal_gpio.o
                                      0x81d54 (size before relaxing)
 .debug_str     0x0000000000083025      0x229 ./Drivers/STM32F1xx_HAL_Driver/Src/stm32f1xx_hal_rcc.o
                                      0x81dfd (size before relaxing)
 .debug_str     0x000000000008324e      0xd42 ./Drivers/STM32F1xx_HAL_Driver/Src/stm32f1xx_hal_tim.o
                                      0x82def (size before relaxing)
 .debug_str     0x0000000000083f90      0x493 ./Drivers/STM32F1xx_HAL_Driver/Src/stm32f1xx_hal_tim_ex.o
                                      0x8260b (size before relaxing)

.debug_frame    0x0000000000000000     0x29a8
 .debug_frame   0x0000000000000000      0x178 ./Core/Src/CAR.o
 .debug_frame   0x0000000000000178       0xa4 ./Core/Src/L298N.o
 .debug_frame   0x000000000000021c      0x114 ./Core/Src/main.o
 .debug_frame   0x0000000000000330       0xfc ./Core/Src/stm32f1xx_hal_msp.o
 .debug_frame   0x000000000000042c      0x104 ./Core/Src/stm32f1xx_it.o
 .debug_frame   0x0000000000000530       0x58 ./Core/Src/system_stm32f1xx.o
 .debug_frame   0x0000000000000588      0x334 ./Drivers/STM32F1xx_HAL_Driver/Src/stm32f1xx_hal.o
 .debug_frame   0x00000000000008bc      0x428 ./Drivers/STM32F1xx_HAL_Driver/Src/stm32f1xx_hal_cortex.o
 .debug_frame   0x0000000000000ce4      0x14c ./Drivers/STM32F1xx_HAL_Driver/Src/stm32f1xx_hal_gpio.o
 .debug_frame   0x0000000000000e30      0x218 ./Drivers/STM32F1xx_HAL_Driver/Src/stm32f1xx_hal_rcc.o
 .debug_frame   0x0000000000001048     0x11bc ./Drivers/STM32F1xx_HAL_Driver/Src/stm32f1xx_hal_tim.o
 .debug_frame   0x0000000000002204      0x638 ./Drivers/STM32F1xx_HAL_Driver/Src/stm32f1xx_hal_tim_ex.o
 .debug_frame   0x000000000000283c       0x20 C:/ST/STM32CubeIDE_1.13.2/STM32CubeIDE/plugins/com.st.stm32cube.ide.mcu.externaltools.gnu-tools-for-stm32.11.3.rel1.win32_1.1.1.202309131626/tools/bin/../lib/gcc/arm-none-eabi/11.3.1/../../../../arm-none-eabi/lib/thumb/v7-m/nofp\libc_nano.a(libc_a-memset.o)
 .debug_frame   0x000000000000285c       0x2c C:/ST/STM32CubeIDE_1.13.2/STM32CubeIDE/plugins/com.st.stm32cube.ide.mcu.externaltools.gnu-tools-for-stm32.11.3.rel1.win32_1.1.1.202309131626/tools/bin/../lib/gcc/arm-none-eabi/11.3.1/../../../../arm-none-eabi/lib/thumb/v7-m/nofp\libc_nano.a(libc_a-init.o)
 .debug_frame   0x0000000000002888       0xac C:/ST/STM32CubeIDE_1.13.2/STM32CubeIDE/plugins/com.st.stm32cube.ide.mcu.externaltools.gnu-tools-for-stm32.11.3.rel1.win32_1.1.1.202309131626/tools/bin/../lib/gcc/arm-none-eabi/11.3.1/thumb/v7-m/nofp\libgcc.a(_arm_addsubdf3.o)
 .debug_frame   0x0000000000002934       0x50 C:/ST/STM32CubeIDE_1.13.2/STM32CubeIDE/plugins/com.st.stm32cube.ide.mcu.externaltools.gnu-tools-for-stm32.11.3.rel1.win32_1.1.1.202309131626/tools/bin/../lib/gcc/arm-none-eabi/11.3.1/thumb/v7-m/nofp\libgcc.a(_arm_muldivdf3.o)
 .debug_frame   0x0000000000002984       0x24 C:/ST/STM32CubeIDE_1.13.2/STM32CubeIDE/plugins/com.st.stm32cube.ide.mcu.externaltools.gnu-tools-for-stm32.11.3.rel1.win32_1.1.1.202309131626/tools/bin/../lib/gcc/arm-none-eabi/11.3.1/thumb/v7-m/nofp\libgcc.a(_arm_fixunsdfsi.o)

.debug_line_str
                0x0000000000000000       0x6d
 .debug_line_str
                0x0000000000000000       0x6d ./Core/Startup/startup_stm32f103c8tx.o
                                         0x85 (size before relaxing)
